Copyright 1986-2022 Xilinx, Inc. All Rights Reserved. Copyright 2022-2024 Advanced Micro Devices, Inc. All Rights Reserved.
---------------------------------------------------------------------------------------------------------------------------------------------
| Tool Version : Vivado v.2024.2 (lin64) Build 5239630 Fri Nov 08 22:34:34 MST 2024
| Date         : Thu Sep 10 08:26:19 2026
| Host         : ubuntu running 64-bit Ubuntu 24.04.3 LTS
| Command      : report_utilization -file {/home/miguel/Downloads/Plano testes TCC/H1/LeNet/RF32/vivado_ooc/utilization.rpt}
| Design       : lenet_mnist_cap64_hls
| Device       : xczu7ev-ffvc1156-2-e
| Speed File   : -2
| Design State : Optimized
---------------------------------------------------------------------------------------------------------------------------------------------

Utilization Design Information

Table of Contents
-----------------
1. CLB Logic
1.1 Summary of Registers by Type
2. BLOCKRAM
3. ARITHMETIC
4. I/O
5. CLOCK
6. ADVANCED
7. CONFIGURATION
8. Primitives
9. Black Boxes
10. Instantiated Netlists

1. CLB Logic
------------

+----------------------------+--------+-------+------------+-----------+--------+
|          Site Type         |  Used  | Fixed | Prohibited | Available |  Util% |
+----------------------------+--------+-------+------------+-----------+--------+
| CLB LUTs*                  | 237576 |     0 |          0 |    230400 | 103.11 |
|   LUT as Logic             | 236294 |     0 |          0 |    230400 | 102.56 |
|   LUT as Memory            |   1282 |     0 |          0 |    101760 |   1.26 |
|     LUT as Distributed RAM |    204 |     0 |            |           |        |
|     LUT as Shift Register  |   1078 |     0 |            |           |        |
| CLB Registers              | 101642 |     0 |          0 |    460800 |  22.06 |
|   Register as Flip Flop    | 101642 |     0 |          0 |    460800 |  22.06 |
|   Register as Latch        |      0 |     0 |          0 |    460800 |   0.00 |
| CARRY8                     |  29841 |     0 |          0 |     28800 | 103.61 |
| F7 Muxes                   |   3535 |     0 |          0 |    115200 |   3.07 |
| F8 Muxes                   |    704 |     0 |          0 |     57600 |   1.22 |
| F9 Muxes                   |      0 |     0 |          0 |     28800 |   0.00 |
+----------------------------+--------+-------+------------+-----------+--------+
* Warning! The Final LUT count, after physical optimizations and full implementation, is typically lower. Run opt_design after synthesis, if not already completed, for a more realistic count.
Warning! LUT value is adjusted to account for LUT combining.
Warning! For any ECO changes, please run place_design if there are unplaced instances


1.1 Summary of Registers by Type
--------------------------------

+-------+--------------+-------------+--------------+
| Total | Clock Enable | Synchronous | Asynchronous |
+-------+--------------+-------------+--------------+
| 0     |            _ |           - |            - |
| 0     |            _ |           - |          Set |
| 0     |            _ |           - |        Reset |
| 0     |            _ |         Set |            - |
| 0     |            _ |       Reset |            - |
| 0     |          Yes |           - |            - |
| 0     |          Yes |           - |          Set |
| 0     |          Yes |           - |        Reset |
| 31579 |          Yes |         Set |            - |
| 70063 |          Yes |       Reset |            - |
+-------+--------------+-------------+--------------+


2. BLOCKRAM
-----------

+-------------------+-------+-------+------------+-----------+-------+
|     Site Type     |  Used | Fixed | Prohibited | Available | Util% |
+-------------------+-------+-------+------------+-----------+-------+
| Block RAM Tile    | 201.5 |     0 |          0 |       312 | 64.58 |
|   RAMB36/FIFO*    |   200 |     0 |          0 |       312 | 64.10 |
|     RAMB36E2 only |   200 |       |            |           |       |
|   RAMB18          |     3 |     0 |          0 |       624 |  0.48 |
|     RAMB18E2 only |     3 |       |            |           |       |
| URAM              |     0 |     0 |          0 |        96 |  0.00 |
+-------------------+-------+-------+------------+-----------+-------+
* Note: Each Block RAM Tile only has one FIFO logic available and therefore can accommodate only one FIFO36E2 or one FIFO18E2. However, if a FIFO18E2 occupies a Block RAM Tile, that tile can still accommodate a RAMB18E2


3. ARITHMETIC
-------------

+----------------+------+-------+------------+-----------+-------+
|    Site Type   | Used | Fixed | Prohibited | Available | Util% |
+----------------+------+-------+------------+-----------+-------+
| DSPs           | 1412 |     0 |          0 |      1728 | 81.71 |
|   DSP48E2 only | 1412 |       |            |           |       |
+----------------+------+-------+------------+-----------+-------+


4. I/O
------

+------------+------+-------+------------+-----------+-------+
|  Site Type | Used | Fixed | Prohibited | Available | Util% |
+------------+------+-------+------------+-----------+-------+
| Bonded IOB |    0 |     0 |          0 |       360 |  0.00 |
+------------+------+-------+------------+-----------+-------+


5. CLOCK
--------

+------------+------+-------+------------+-----------+-------+
|  Site Type | Used | Fixed | Prohibited | Available | Util% |
+------------+------+-------+------------+-----------+-------+
| BUFGCE     |    0 |     0 |          0 |       208 |  0.00 |
| BUFGCE_DIV |    0 |     0 |          0 |        32 |  0.00 |
| BUFG_GT    |    0 |     0 |          0 |       144 |  0.00 |
| BUFG_PS    |    0 |     0 |          0 |        96 |  0.00 |
| BUFGCTRL*  |    0 |     0 |          0 |        64 |  0.00 |
| PLL        |    0 |     0 |          0 |        16 |  0.00 |
| MMCM       |    0 |     0 |          0 |         8 |  0.00 |
+------------+------+-------+------------+-----------+-------+
* Note: Each used BUFGCTRL counts as two GLOBAL CLOCK BUFFERs. This table does not include global clocking resources, only buffer cell usage. See the Clock Utilization Report (report_clock_utilization) for detailed accounting of global clocking resource availability.


6. ADVANCED
-----------

+-----------------+------+-------+------------+-----------+-------+
|    Site Type    | Used | Fixed | Prohibited | Available | Util% |
+-----------------+------+-------+------------+-----------+-------+
| GTHE4_CHANNEL   |    0 |     0 |          0 |        20 |  0.00 |
| GTHE4_COMMON    |    0 |     0 |          0 |         5 |  0.00 |
| OBUFDS_GTE4     |    0 |     0 |          0 |        10 |  0.00 |
| OBUFDS_GTE4_ADV |    0 |     0 |          0 |        10 |  0.00 |
| PCIE40E4        |    0 |     0 |          0 |         2 |  0.00 |
| PS8             |    0 |     0 |          0 |         1 |  0.00 |
| SYSMONE4        |    0 |     0 |          0 |         1 |  0.00 |
| VCU             |    0 |     0 |          0 |         1 |  0.00 |
+-----------------+------+-------+------------+-----------+-------+


7. CONFIGURATION
----------------

+-------------+------+-------+------------+-----------+-------+
|  Site Type  | Used | Fixed | Prohibited | Available | Util% |
+-------------+------+-------+------------+-----------+-------+
| BSCANE2     |    0 |     0 |          0 |         4 |  0.00 |
| DNA_PORTE2  |    0 |     0 |          0 |         1 |  0.00 |
| EFUSE_USR   |    0 |     0 |          0 |         1 |  0.00 |
| FRAME_ECCE4 |    0 |     0 |          0 |         1 |  0.00 |
| ICAPE3      |    0 |     0 |          0 |         2 |  0.00 |
| MASTER_JTAG |    0 |     0 |          0 |         1 |  0.00 |
| STARTUPE3   |    0 |     0 |          0 |         1 |  0.00 |
+-------------+------+-------+------------+-----------+-------+


8. Primitives
-------------

+----------+--------+---------------------+
| Ref Name |  Used  | Functional Category |
+----------+--------+---------------------+
| LUT4     | 129532 |                 CLB |
| FDRE     |  70063 |            Register |
| LUT2     |  69807 |                 CLB |
| LUT5     |  53567 |                 CLB |
| LUT3     |  42127 |                 CLB |
| FDSE     |  31579 |            Register |
| CARRY8   |  29841 |                 CLB |
| LUT6     |  27171 |                 CLB |
| MUXF7    |   3535 |                 CLB |
| LUT1     |   1687 |                 CLB |
| DSP48E2  |   1412 |          Arithmetic |
| SRL16E   |    864 |                 CLB |
| MUXF8    |    704 |                 CLB |
| RAMD32   |    354 |                 CLB |
| SRLC32E  |    214 |                 CLB |
| RAMB36E2 |    200 |            BLOCKRAM |
| RAMS32   |     50 |                 CLB |
| RAMB18E2 |      3 |            BLOCKRAM |
+----------+--------+---------------------+


9. Black Boxes
--------------

+----------+------+
| Ref Name | Used |
+----------+------+


10. Instantiated Netlists
-------------------------

+----------+------+
| Ref Name | Used |
+----------+------+


