1 0.000976563 0.00292969 
0 0.28418 0.799805 
0.0390625 1 0.0439453 
0.0107422 1 0.0244141 
1 0 0.00195313 
0.00390625 0.666992 0.334961 
1 0 0.000976563 
1 0.00292969 0.00976563 
0 0.0791016 1 
0.03125 0.666992 0.404297 
0 0.0332031 1 
0 0.0224609 1 
0 0.0117188 1 
0.00292969 0.799805 0.236328 
1 0.000976563 0.00390625 
1 0.000976563 0.00488281 
1 0.000976563 0.00292969 
0.00292969 1 0.0302734 
0 0.799805 0.228516 
0.000976563 0.342773 0.799805 
1 0.000976563 0.00390625 
0 0.00878906 1 
0.000976563 1 0.203125 
0 0.487305 0.666992 
0 0.0136719 1 
0 0.334961 0.666992 
0.000976563 1 0.21582 
1 0.00195313 0.00585938 
0 0.126953 1 
1 0.000976563 0.00488281 
