[PRECHECK] OK: 29/30 corretas, 30/30 concordância INT8, 0 divergências
[WARMUP] concluído: 200 inferências (fora da medição)
[BASELINE] concluído: 5.0 s, P_idle=14.420652 W
[BENCHMARK] iniciando 100000 inferências medidas; sem prints/progress durante a janela para não perturbar os resultados
[BENCHMARK] concluído: 100000 inferências medidas
{
  "validation": {
    "samples_unique": 30,
    "correct": 29,
    "accuracy": 0.9666666666666667,
    "accuracy_percent": 96.66666666666667,
    "wilson95": [
      0.8332960900859082,
      0.9940914096183874
    ],
    "wilson95_percent": [
      83.32960900859082,
      99.40914096183874
    ],
    "reference_agreement": 30,
    "reference_agreement_percent": 100.0,
    "divergences": 0,
    "passed": true
  },
  "metrics": {
    "inferences": 100000,
    "full_passages": 3333,
    "final_passage_samples": 10,
    "benchmark_wall_s": 73.41238685,
    "throughput_effective_inf_s": 1362.1679431881869,
    "passage_throughput_arithmetic_mean_inf_s": 1392.1271468757507,
    "accelerator": {
      "count": 100000,
      "mean_ms": 0.1785221314,
      "median_ms": 0.17575,
      "std_sample_ms": 0.017382321266161776,
      "cv_percent": 9.736787887219778,
      "minimum_ms": 0.16833,
      "maximum_ms": 3.98366,
      "p90_ms": 0.183,
      "p95_ms": 0.19179,
      "p99_ms": 0.23805,
      "mean_ci95_lower_ms": 0.17834508104728392,
      "mean_ci95_upper_ms": 0.17869966262708348,
      "ci_unit": "means of complete 30-sample passages",
      "ci_passages": 3333
    },
    "device_call": {
      "count": 100000,
      "mean_ms": 0.48647353630000006,
      "median_ms": 0.48054,
      "std_sample_ms": 0.027284556869372423,
      "cv_percent": 5.608641546443032,
      "minimum_ms": 0.4715,
      "maximum_ms": 4.53244,
      "p90_ms": 0.49744,
      "p95_ms": 0.51583,
      "p99_ms": 0.5720101,
      "mean_ci95_lower_ms": 0.4861811233287113,
      "mean_ci95_upper_ms": 0.4867661836019817,
      "ci_unit": "means of complete 30-sample passages",
      "ci_passages": 3333
    },
    "application_end_to_end": {
      "count": 100000,
      "mean_ms": 0.6910930704,
      "median_ms": 0.68354,
      "std_sample_ms": 0.030280462263357087,
      "cv_percent": 4.381531744462574,
      "minimum_ms": 0.67316,
      "maximum_ms": 4.7854,
      "p90_ms": 0.70207,
      "p95_ms": 0.7293604999999999,
      "p99_ms": 0.7893500999999999,
      "mean_ci95_lower_ms": 0.6907449068106433,
      "mean_ci95_upper_ms": 0.691441823662404,
      "ci_unit": "means of complete 30-sample passages",
      "ci_passages": 3333
    },
    "determinism": {
      "passed": true,
      "divergences": 0,
      "divergent_positions_first100": []
    }
  },
  "power": {
    "status": "measured",
    "scope": "ZCU104 board-input ~12V rail via INA226 hwmon0",
    "sensor_path": "/sys/class/hwmon/hwmon0/power1_input",
    "sensor_iio_sampling_frequency_hz": 114,
    "telemetry_interval_ms": 100,
    "baseline": {
      "status": "measured",
      "samples_inside": 50,
      "bracketed": true,
      "duration_s": 5.00503476,
      "mean": 14.420652408714327,
      "median_samples_inside": 14.412,
      "std_sample_inside": 0.01246416905389504,
      "minimum_samples_inside": 14.4,
      "maximum_samples_inside": 14.462,
      "max_sample_gap_ms": 100.00983,
      "integral": 72.17586656749293
    },
    "benchmark": {
      "status": "measured",
      "samples_inside": 734,
      "bracketed": true,
      "duration_s": 73.41238685,
      "mean": 14.634274701332995,
      "median_samples_inside": 14.637,
      "std_sample_inside": 0.015285634318455431,
      "minimum_samples_inside": 14.612,
      "maximum_samples_inside": 14.975,
      "max_sample_gap_ms": 100.77266,
      "integral": 1074.3370356434261
    },
    "current_benchmark": {
      "status": "measured",
      "samples_inside": 734,
      "bracketed": true,
      "duration_s": 73.41238685,
      "mean": 1.2234343952375117,
      "median_samples_inside": 1.223,
      "std_sample_inside": 0.0013874220238799808,
      "minimum_samples_inside": 1.221,
      "maximum_samples_inside": 1.252,
      "max_sample_gap_ms": 100.77266,
      "integral": 89.81523910877202
    },
    "voltage_benchmark": {
      "status": "measured",
      "samples_inside": 734,
      "bracketed": true,
      "duration_s": 73.41238685,
      "mean": 11.961978578462743,
      "median_samples_inside": 11.962,
      "std_sample_inside": 0.00044722315440510194,
      "minimum_samples_inside": 11.958,
      "maximum_samples_inside": 11.963,
      "max_sample_gap_ms": 100.77266,
      "integral": 878.15739889352
    },
    "idle_mean_power_w": 14.420652408714327,
    "active_mean_power_w": 14.634274701332995,
    "dynamic_mean_power_w": 0.21362229261866794,
    "total_energy_j": 1074.3370356434261,
    "dynamic_energy_j": 15.682522385505536,
    "total_mj_per_inference": 10.743370356434262,
    "dynamic_mj_per_inference": 0.15682522385505535
  },
  "output_dir": "results/serial_official_20260908/100000/rep05"
}
