Copyright 1986-2022 Xilinx, Inc. All Rights Reserved. Copyright 2022-2024 Advanced Micro Devices, Inc. All Rights Reserved.
-------------------------------------------------------------------------------------------------------------------------------------------------------
| Tool Version      : Vivado v.2024.2 (lin64) Build 5239630 Fri Nov 08 22:34:34 MST 2024
| Date              : Fri Sep  4 15:02:03 2026
| Host              : ubuntu running 64-bit Ubuntu 24.04.3 LTS
| Command           : report_timing_summary -file {/home/miguel/Downloads/Plano testes TCC/MLP/hls4ml/vivado_zcu104_mlp/reports/timing_post_synth.rpt}
| Design            : mlp_iris_bd_wrapper
| Device            : xczu7ev-ffvc1156
| Speed File        : -2  PRODUCTION 1.30 05-15-2022
| Design State      : Synthesized
| Temperature Grade : E
-------------------------------------------------------------------------------------------------------------------------------------------------------

Timing Summary Report

------------------------------------------------------------------------------------------------
| Timer Settings
| --------------
------------------------------------------------------------------------------------------------

  Enable Multi Corner Analysis               :  Yes
  Enable Pessimism Removal                   :  Yes
  Pessimism Removal Resolution               :  Nearest Common Node
  Enable Input Delay Default Clock           :  No
  Enable Preset / Clear Arcs                 :  No
  Disable Flight Delays                      :  No
  Ignore I/O Paths                           :  No
  Timing Early Launch at Borrowing Latches   :  No
  Borrow Time for Max Delay Exceptions       :  Yes
  Merge Timing Exceptions                    :  Yes
  Inter-SLR Compensation                     :  Conservative

  Corner  Analyze    Analyze    
  Name    Max Paths  Min Paths  
  ------  ---------  ---------  
  Slow    Yes        Yes        
  Fast    Yes        Yes        


------------------------------------------------------------------------------------------------
| Report Methodology
| ------------------
------------------------------------------------------------------------------------------------

No report available as report_methodology has not been run prior. Run report_methodology on the current design for the summary of methodology violations.



check_timing report

Table of Contents
-----------------
1. checking no_clock (8)
2. checking constant_clock (0)
3. checking pulse_width_clock (0)
4. checking unconstrained_internal_endpoints (0)
5. checking no_input_delay (0)
6. checking no_output_delay (0)
7. checking multiple_clock (0)
8. checking generated_clocks (0)
9. checking loops (0)
10. checking partial_input_delay (0)
11. checking partial_output_delay (0)
12. checking latch_loops (0)

1. checking no_clock (8)
------------------------
 There are 8 register/latch pins with no clock (HIGH)


2. checking constant_clock (0)
------------------------------
 There are 0 register/latch pins with constant_clock.


3. checking pulse_width_clock (0)
---------------------------------
 There are 0 register/latch pins which need pulse_width check


4. checking unconstrained_internal_endpoints (0)
------------------------------------------------
 There are 0 pins that are not constrained for maximum delay.

 There are 0 pins that are not constrained for maximum delay due to constant clock.


5. checking no_input_delay (0)
------------------------------
 There are 0 input ports with no input delay specified.

 There are 0 input ports with no input delay but user has a false path constraint.


6. checking no_output_delay (0)
-------------------------------
 There are 0 ports with no output delay specified.

 There are 0 ports with no output delay but user has a false path constraint

 There are 0 ports with no output delay but with a timing clock defined on it or propagating through it


7. checking multiple_clock (0)
------------------------------
 There are 0 register/latch pins with multiple clocks.


8. checking generated_clocks (0)
--------------------------------
 There are 0 generated clocks that are not connected to a clock source.


9. checking loops (0)
---------------------
 There are 0 combinational loops in the design.


10. checking partial_input_delay (0)
------------------------------------
 There are 0 input ports with partial input delay specified.


11. checking partial_output_delay (0)
-------------------------------------
 There are 0 ports with partial output delay specified.


12. checking latch_loops (0)
----------------------------
 There are 0 combinational latch loops in the design through latch input



------------------------------------------------------------------------------------------------
| Design Timing Summary
| ---------------------
------------------------------------------------------------------------------------------------

    WNS(ns)      TNS(ns)  TNS Failing Endpoints  TNS Total Endpoints      WHS(ns)      THS(ns)  THS Failing Endpoints  THS Total Endpoints     WPWS(ns)     TPWS(ns)  TPWS Failing Endpoints  TPWS Total Endpoints  
    -------      -------  ---------------------  -------------------      -------      -------  ---------------------  -------------------     --------     --------  ----------------------  --------------------  
      4.912        0.000                      0                 3587       -0.082      -52.159                    999                 3587        3.500        0.000                       0                  1443  


Timing constraints are not met.


------------------------------------------------------------------------------------------------
| Clock Summary
| -------------
------------------------------------------------------------------------------------------------

Clock     Waveform(ns)       Period(ns)      Frequency(MHz)
-----     ------------       ----------      --------------
clk_pl_0  {0.000 5.000}      10.000          100.000         


------------------------------------------------------------------------------------------------
| Intra Clock Table
| -----------------
------------------------------------------------------------------------------------------------

Clock             WNS(ns)      TNS(ns)  TNS Failing Endpoints  TNS Total Endpoints      WHS(ns)      THS(ns)  THS Failing Endpoints  THS Total Endpoints     WPWS(ns)     TPWS(ns)  TPWS Failing Endpoints  TPWS Total Endpoints  
-----             -------      -------  ---------------------  -------------------      -------      -------  ---------------------  -------------------     --------     --------  ----------------------  --------------------  
clk_pl_0            4.912        0.000                      0                 3587       -0.082      -52.159                    999                 3587        3.500        0.000                       0                  1443  


------------------------------------------------------------------------------------------------
| Inter Clock Table
| -----------------
------------------------------------------------------------------------------------------------

From Clock    To Clock          WNS(ns)      TNS(ns)  TNS Failing Endpoints  TNS Total Endpoints      WHS(ns)      THS(ns)  THS Failing Endpoints  THS Total Endpoints  
----------    --------          -------      -------  ---------------------  -------------------      -------      -------  ---------------------  -------------------  


------------------------------------------------------------------------------------------------
| Other Path Groups Table
| -----------------------
------------------------------------------------------------------------------------------------

Path Group    From Clock    To Clock          WNS(ns)      TNS(ns)  TNS Failing Endpoints  TNS Total Endpoints      WHS(ns)      THS(ns)  THS Failing Endpoints  THS Total Endpoints  
----------    ----------    --------          -------      -------  ---------------------  -------------------      -------      -------  ---------------------  -------------------  


------------------------------------------------------------------------------------------------
| Timing Details
| --------------
------------------------------------------------------------------------------------------------


---------------------------------------------------------------------------------------------------
From Clock:  clk_pl_0
  To Clock:  clk_pl_0

Setup :            0  Failing Endpoints,  Worst Slack        4.912ns,  Total Violation        0.000ns
Hold  :          999  Failing Endpoints,  Worst Slack       -0.082ns,  Total Violation      -52.159ns
PW    :            0  Failing Endpoints,  Worst Slack        3.500ns,  Total Violation        0.000ns
---------------------------------------------------------------------------------------------------


Max Delay Paths
--------------------------------------------------------------------------------------
Slack (MET) :             4.912ns  (required time - arrival time)
  Source:                 mlp_iris_bd_i/mlp_iris_axi_wrapper_0/inst/mlp_core_i/inst/layer2_out_7_reg_344_reg[1]/C
                            (rising edge-triggered cell FDRE clocked by clk_pl_0  {rise@0.000ns fall@5.000ns period=10.000ns})
  Destination:            mlp_iris_bd_i/mlp_iris_axi_wrapper_0/inst/mlp_core_i/inst/layer4_out_7_reg_384_reg[15]/D
                            (rising edge-triggered cell FDRE clocked by clk_pl_0  {rise@0.000ns fall@5.000ns period=10.000ns})
  Path Group:             clk_pl_0
  Path Type:              Setup (Max at Slow Process Corner)
  Requirement:            10.000ns  (clk_pl_0 rise@10.000ns - clk_pl_0 rise@0.000ns)
  Data Path Delay:        4.838ns  (logic 2.537ns (52.439%)  route 2.301ns (47.561%))
  Logic Levels:           18  (CARRY8=3 DSP_A_B_DATA=1 DSP_ALU=1 DSP_M_DATA=1 DSP_MULTIPLIER=1 DSP_OUTPUT=1 DSP_PREADD_DATA=1 LUT2=2 LUT3=2 LUT4=1 LUT5=2 LUT6=2)
  Clock Path Skew:        -0.145ns (DCD - SCD + CPR)
    Destination Clock Delay (DCD):    2.607ns = ( 12.607 - 10.000 ) 
    Source Clock Delay      (SCD):    2.792ns
    Clock Pessimism Removal (CPR):    0.040ns
  Clock Uncertainty:      0.130ns  ((TSJ^2 + DJ^2)^1/2) / 2 + PE
    Total System Jitter     (TSJ):    0.071ns
    Discrete Jitter          (DJ):    0.250ns
    Phase Error              (PE):    0.000ns

    Location             Delay type                Incr(ns)  Path(ns)    Netlist Resource(s)
  -------------------------------------------------------------------    -------------------
                         (clock clk_pl_0 rise edge)
                                                      0.000     0.000 r  
                         PS8                          0.000     0.000 r  mlp_iris_bd_i/zynq_ultra_ps_e_0/inst/PS8_i/PLCLK[0]
                         net (fo=1, unplaced)         0.180     0.180    mlp_iris_bd_i/zynq_ultra_ps_e_0/inst/pl_clk_unbuffered[0]
                         BUFG_PS (Prop_BUFG_PS_I_O)
                                                      0.028     0.208 r  mlp_iris_bd_i/zynq_ultra_ps_e_0/inst/buffer_pl_clk_0.PL_CLK_0_BUFG/O
                         net (fo=1461, unplaced)      2.584     2.792    mlp_iris_bd_i/mlp_iris_axi_wrapper_0/inst/mlp_core_i/inst/ap_clk
                         FDRE                                         r  mlp_iris_bd_i/mlp_iris_axi_wrapper_0/inst/mlp_core_i/inst/layer2_out_7_reg_344_reg[1]/C
  -------------------------------------------------------------------    -------------------
                         FDRE (Prop_FDRE_C_Q)         0.078     2.870 f  mlp_iris_bd_i/mlp_iris_axi_wrapper_0/inst/mlp_core_i/inst/layer2_out_7_reg_344_reg[1]/Q
                         net (fo=6, unplaced)         0.159     3.029    mlp_iris_bd_i/mlp_iris_axi_wrapper_0/inst/mlp_core_i/inst/call_ret3_dense_latency_ap_fixed_16_6_5_3_0_ap_fixed_16_6_5_3_0_config4_s_fu_91/mul_16s_10ns_26_1_1_U50/tmp_product_i_16__6_0[1]
                         LUT2 (Prop_LUT2_I1_O)        0.070     3.099 f  mlp_iris_bd_i/mlp_iris_axi_wrapper_0/inst/mlp_core_i/inst/call_ret3_dense_latency_ap_fixed_16_6_5_3_0_ap_fixed_16_6_5_3_0_config4_s_fu_91/mul_16s_10ns_26_1_1_U50/tmp_product_i_24__6/O
                         net (fo=1, unplaced)         0.260     3.359    mlp_iris_bd_i/mlp_iris_axi_wrapper_0/inst/mlp_core_i/inst/call_ret3_dense_latency_ap_fixed_16_6_5_3_0_ap_fixed_16_6_5_3_0_config4_s_fu_91/mul_16s_10ns_26_1_1_U50/tmp_product_i_24__6_n_0
                         CARRY8 (Prop_CARRY8_DI[0]_CO[7])
                                                      0.140     3.499 f  mlp_iris_bd_i/mlp_iris_axi_wrapper_0/inst/mlp_core_i/inst/call_ret3_dense_latency_ap_fixed_16_6_5_3_0_ap_fixed_16_6_5_3_0_config4_s_fu_91/mul_16s_10ns_26_1_1_U50/tmp_product_i_16__6/CO[7]
                         net (fo=50, unplaced)        0.185     3.684    mlp_iris_bd_i/mlp_iris_axi_wrapper_0/inst/mlp_core_i/inst/call_ret3_dense_latency_ap_fixed_16_6_5_3_0_ap_fixed_16_6_5_3_0_config4_s_fu_91/mul_16s_10ns_26_1_1_U50/CO[0]
                         LUT2 (Prop_LUT2_I0_O)        0.038     3.722 f  mlp_iris_bd_i/mlp_iris_axi_wrapper_0/inst/mlp_core_i/inst/call_ret3_dense_latency_ap_fixed_16_6_5_3_0_ap_fixed_16_6_5_3_0_config4_s_fu_91/mul_16s_10ns_26_1_1_U50/tmp_product_i_7__10/O
                         net (fo=7, unplaced)         0.253     3.975    mlp_iris_bd_i/mlp_iris_axi_wrapper_0/inst/mlp_core_i/inst/call_ret3_dense_latency_ap_fixed_16_6_5_3_0_ap_fixed_16_6_5_3_0_config4_s_fu_91/mul_16s_8ns_24_1_1_U81/tmp_product/A[8]
                         DSP_A_B_DATA (Prop_DSP_A_B_DATA_A[8]_A2_DATA[8])
                                                      0.192     4.167 r  mlp_iris_bd_i/mlp_iris_axi_wrapper_0/inst/mlp_core_i/inst/call_ret3_dense_latency_ap_fixed_16_6_5_3_0_ap_fixed_16_6_5_3_0_config4_s_fu_91/mul_16s_8ns_24_1_1_U81/tmp_product/DSP_A_B_DATA_INST/A2_DATA[8]
                         net (fo=1, unplaced)         0.000     4.167    mlp_iris_bd_i/mlp_iris_axi_wrapper_0/inst/mlp_core_i/inst/call_ret3_dense_latency_ap_fixed_16_6_5_3_0_ap_fixed_16_6_5_3_0_config4_s_fu_91/mul_16s_8ns_24_1_1_U81/tmp_product/DSP_A_B_DATA.A2_DATA<8>
                         DSP_PREADD_DATA (Prop_DSP_PREADD_DATA_A2_DATA[8]_A2A1[8])
                                                      0.076     4.243 r  mlp_iris_bd_i/mlp_iris_axi_wrapper_0/inst/mlp_core_i/inst/call_ret3_dense_latency_ap_fixed_16_6_5_3_0_ap_fixed_16_6_5_3_0_config4_s_fu_91/mul_16s_8ns_24_1_1_U81/tmp_product/DSP_PREADD_DATA_INST/A2A1[8]
                         net (fo=1, unplaced)         0.000     4.243    mlp_iris_bd_i/mlp_iris_axi_wrapper_0/inst/mlp_core_i/inst/call_ret3_dense_latency_ap_fixed_16_6_5_3_0_ap_fixed_16_6_5_3_0_config4_s_fu_91/mul_16s_8ns_24_1_1_U81/tmp_product/DSP_PREADD_DATA.A2A1<8>
                         DSP_MULTIPLIER (Prop_DSP_MULTIPLIER_A2A1[8]_U[13])
                                                      0.505     4.748 f  mlp_iris_bd_i/mlp_iris_axi_wrapper_0/inst/mlp_core_i/inst/call_ret3_dense_latency_ap_fixed_16_6_5_3_0_ap_fixed_16_6_5_3_0_config4_s_fu_91/mul_16s_8ns_24_1_1_U81/tmp_product/DSP_MULTIPLIER_INST/U[13]
                         net (fo=1, unplaced)         0.000     4.748    mlp_iris_bd_i/mlp_iris_axi_wrapper_0/inst/mlp_core_i/inst/call_ret3_dense_latency_ap_fixed_16_6_5_3_0_ap_fixed_16_6_5_3_0_config4_s_fu_91/mul_16s_8ns_24_1_1_U81/tmp_product/DSP_MULTIPLIER.U<13>
                         DSP_M_DATA (Prop_DSP_M_DATA_U[13]_U_DATA[13])
                                                      0.047     4.795 r  mlp_iris_bd_i/mlp_iris_axi_wrapper_0/inst/mlp_core_i/inst/call_ret3_dense_latency_ap_fixed_16_6_5_3_0_ap_fixed_16_6_5_3_0_config4_s_fu_91/mul_16s_8ns_24_1_1_U81/tmp_product/DSP_M_DATA_INST/U_DATA[13]
                         net (fo=1, unplaced)         0.000     4.795    mlp_iris_bd_i/mlp_iris_axi_wrapper_0/inst/mlp_core_i/inst/call_ret3_dense_latency_ap_fixed_16_6_5_3_0_ap_fixed_16_6_5_3_0_config4_s_fu_91/mul_16s_8ns_24_1_1_U81/tmp_product/DSP_M_DATA.U_DATA<13>
                         DSP_ALU (Prop_DSP_ALU_U_DATA[13]_ALU_OUT[13])
                                                      0.585     5.380 f  mlp_iris_bd_i/mlp_iris_axi_wrapper_0/inst/mlp_core_i/inst/call_ret3_dense_latency_ap_fixed_16_6_5_3_0_ap_fixed_16_6_5_3_0_config4_s_fu_91/mul_16s_8ns_24_1_1_U81/tmp_product/DSP_ALU_INST/ALU_OUT[13]
                         net (fo=1, unplaced)         0.000     5.380    mlp_iris_bd_i/mlp_iris_axi_wrapper_0/inst/mlp_core_i/inst/call_ret3_dense_latency_ap_fixed_16_6_5_3_0_ap_fixed_16_6_5_3_0_config4_s_fu_91/mul_16s_8ns_24_1_1_U81/tmp_product/DSP_ALU.ALU_OUT<13>
                         DSP_OUTPUT (Prop_DSP_OUTPUT_ALU_OUT[13]_P[13])
                                                      0.109     5.489 r  mlp_iris_bd_i/mlp_iris_axi_wrapper_0/inst/mlp_core_i/inst/call_ret3_dense_latency_ap_fixed_16_6_5_3_0_ap_fixed_16_6_5_3_0_config4_s_fu_91/mul_16s_8ns_24_1_1_U81/tmp_product/DSP_OUTPUT_INST/P[13]
                         net (fo=5, unplaced)         0.229     5.718    mlp_iris_bd_i/mlp_iris_axi_wrapper_0/inst/mlp_core_i/inst/call_ret3_dense_latency_ap_fixed_16_6_5_3_0_ap_fixed_16_6_5_3_0_config4_s_fu_91/mul_16s_8ns_24_1_1_U81/sext_ln58_fu_15693_p1[3]
                         LUT6 (Prop_LUT6_I2_O)        0.100     5.818 r  mlp_iris_bd_i/mlp_iris_axi_wrapper_0/inst/mlp_core_i/inst/call_ret3_dense_latency_ap_fixed_16_6_5_3_0_ap_fixed_16_6_5_3_0_config4_s_fu_91/mul_16s_8ns_24_1_1_U81/layer4_out_7_reg_384[15]_i_96/O
                         net (fo=9, unplaced)         0.217     6.035    mlp_iris_bd_i/mlp_iris_axi_wrapper_0/inst/mlp_core_i/inst/call_ret3_dense_latency_ap_fixed_16_6_5_3_0_ap_fixed_16_6_5_3_0_config4_s_fu_91/mul_16s_8ns_24_1_1_U81/DSP_OUTPUT_INST_2
                         LUT5 (Prop_LUT5_I2_O)        0.070     6.105 f  mlp_iris_bd_i/mlp_iris_axi_wrapper_0/inst/mlp_core_i/inst/call_ret3_dense_latency_ap_fixed_16_6_5_3_0_ap_fixed_16_6_5_3_0_config4_s_fu_91/mul_16s_8ns_24_1_1_U81/layer4_out_7_reg_384[15]_i_95/O
                         net (fo=2, unplaced)         0.186     6.291    mlp_iris_bd_i/mlp_iris_axi_wrapper_0/inst/mlp_core_i/inst/call_ret3_dense_latency_ap_fixed_16_6_5_3_0_ap_fixed_16_6_5_3_0_config4_s_fu_91/mul_16s_8ns_24_1_1_U81_n_18
                         LUT3 (Prop_LUT3_I2_O)        0.072     6.363 r  mlp_iris_bd_i/mlp_iris_axi_wrapper_0/inst/mlp_core_i/inst/call_ret3_dense_latency_ap_fixed_16_6_5_3_0_ap_fixed_16_6_5_3_0_config4_s_fu_91/layer4_out_7_reg_384[15]_i_52/O
                         net (fo=2, unplaced)         0.167     6.530    mlp_iris_bd_i/mlp_iris_axi_wrapper_0/inst/mlp_core_i/inst/call_ret3_dense_latency_ap_fixed_16_6_5_3_0_ap_fixed_16_6_5_3_0_config4_s_fu_91/layer4_out_7_reg_384[15]_i_52_n_0
                         LUT4 (Prop_LUT4_I3_O)        0.037     6.567 r  mlp_iris_bd_i/mlp_iris_axi_wrapper_0/inst/mlp_core_i/inst/call_ret3_dense_latency_ap_fixed_16_6_5_3_0_ap_fixed_16_6_5_3_0_config4_s_fu_91/layer4_out_7_reg_384[15]_i_60/O
                         net (fo=1, unplaced)         0.028     6.595    mlp_iris_bd_i/mlp_iris_axi_wrapper_0/inst/mlp_core_i/inst/call_ret3_dense_latency_ap_fixed_16_6_5_3_0_ap_fixed_16_6_5_3_0_config4_s_fu_91/layer4_out_7_reg_384[15]_i_60_n_0
                         CARRY8 (Prop_CARRY8_S[2]_O[4])
                                                      0.167     6.762 r  mlp_iris_bd_i/mlp_iris_axi_wrapper_0/inst/mlp_core_i/inst/call_ret3_dense_latency_ap_fixed_16_6_5_3_0_ap_fixed_16_6_5_3_0_config4_s_fu_91/layer4_out_7_reg_384_reg[15]_i_19/O[4]
                         net (fo=3, unplaced)         0.190     6.952    mlp_iris_bd_i/mlp_iris_axi_wrapper_0/inst/mlp_core_i/inst/call_ret3_dense_latency_ap_fixed_16_6_5_3_0_ap_fixed_16_6_5_3_0_config4_s_fu_91/mul_16s_8ns_24_1_1_U56/layer4_out_7_reg_384[15]_i_12_0[4]
                         LUT3 (Prop_LUT3_I2_O)        0.038     6.990 r  mlp_iris_bd_i/mlp_iris_axi_wrapper_0/inst/mlp_core_i/inst/call_ret3_dense_latency_ap_fixed_16_6_5_3_0_ap_fixed_16_6_5_3_0_config4_s_fu_91/mul_16s_8ns_24_1_1_U56/layer4_out_7_reg_384[15]_i_20/O
                         net (fo=2, unplaced)         0.186     7.176    mlp_iris_bd_i/mlp_iris_axi_wrapper_0/inst/mlp_core_i/inst/call_ret3_dense_latency_ap_fixed_16_6_5_3_0_ap_fixed_16_6_5_3_0_config4_s_fu_91/mul_16s_8ns_24_1_1_U56/layer4_out_7_reg_384_reg[15]_i_19_3
                         LUT5 (Prop_LUT5_I1_O)        0.038     7.214 r  mlp_iris_bd_i/mlp_iris_axi_wrapper_0/inst/mlp_core_i/inst/call_ret3_dense_latency_ap_fixed_16_6_5_3_0_ap_fixed_16_6_5_3_0_config4_s_fu_91/mul_16s_8ns_24_1_1_U56/layer4_out_7_reg_384[15]_i_3/O
                         net (fo=2, unplaced)         0.186     7.400    mlp_iris_bd_i/mlp_iris_axi_wrapper_0/inst/mlp_core_i/inst/call_ret3_dense_latency_ap_fixed_16_6_5_3_0_ap_fixed_16_6_5_3_0_config4_s_fu_91/mul_16s_8ns_24_1_1_U56_n_24
                         LUT6 (Prop_LUT6_I0_O)        0.037     7.437 r  mlp_iris_bd_i/mlp_iris_axi_wrapper_0/inst/mlp_core_i/inst/call_ret3_dense_latency_ap_fixed_16_6_5_3_0_ap_fixed_16_6_5_3_0_config4_s_fu_91/layer4_out_7_reg_384[15]_i_11/O
                         net (fo=1, unplaced)         0.029     7.466    mlp_iris_bd_i/mlp_iris_axi_wrapper_0/inst/mlp_core_i/inst/call_ret3_dense_latency_ap_fixed_16_6_5_3_0_ap_fixed_16_6_5_3_0_config4_s_fu_91/layer4_out_7_reg_384[15]_i_11_n_0
                         CARRY8 (Prop_CARRY8_S[5]_O[7])
                                                      0.138     7.604 r  mlp_iris_bd_i/mlp_iris_axi_wrapper_0/inst/mlp_core_i/inst/call_ret3_dense_latency_ap_fixed_16_6_5_3_0_ap_fixed_16_6_5_3_0_config4_s_fu_91/layer4_out_7_reg_384_reg[15]_i_1/O[7]
                         net (fo=1, unplaced)         0.026     7.630    mlp_iris_bd_i/mlp_iris_axi_wrapper_0/inst/mlp_core_i/inst/call_ret3_dense_latency_ap_fixed_16_6_5_3_0_ap_fixed_16_6_5_3_0_config4_s_fu_91_ap_return_7[15]
                         FDRE                                         r  mlp_iris_bd_i/mlp_iris_axi_wrapper_0/inst/mlp_core_i/inst/layer4_out_7_reg_384_reg[15]/D
  -------------------------------------------------------------------    -------------------

                         (clock clk_pl_0 rise edge)
                                                     10.000    10.000 r  
                         PS8                          0.000    10.000 r  mlp_iris_bd_i/zynq_ultra_ps_e_0/inst/PS8_i/PLCLK[0]
                         net (fo=1, unplaced)         0.143    10.143    mlp_iris_bd_i/zynq_ultra_ps_e_0/inst/pl_clk_unbuffered[0]
                         BUFG_PS (Prop_BUFG_PS_I_O)
                                                      0.025    10.168 r  mlp_iris_bd_i/zynq_ultra_ps_e_0/inst/buffer_pl_clk_0.PL_CLK_0_BUFG/O
                         net (fo=1461, unplaced)      2.439    12.607    mlp_iris_bd_i/mlp_iris_axi_wrapper_0/inst/mlp_core_i/inst/ap_clk
                         FDRE                                         r  mlp_iris_bd_i/mlp_iris_axi_wrapper_0/inst/mlp_core_i/inst/layer4_out_7_reg_384_reg[15]/C
                         clock pessimism              0.040    12.647    
                         clock uncertainty           -0.130    12.517    
                         FDRE (Setup_FDRE_C_D)        0.025    12.542    mlp_iris_bd_i/mlp_iris_axi_wrapper_0/inst/mlp_core_i/inst/layer4_out_7_reg_384_reg[15]
  -------------------------------------------------------------------
                         required time                         12.542    
                         arrival time                          -7.630    
  -------------------------------------------------------------------
                         slack                                  4.912    





Min Delay Paths
--------------------------------------------------------------------------------------
Slack (VIOLATED) :        -0.082ns  (arrival time - required time)
  Source:                 mlp_iris_bd_i/mlp_iris_axi_wrapper_0/inst/cycle_counter_reg[10]/C
                            (rising edge-triggered cell FDRE clocked by clk_pl_0  {rise@0.000ns fall@5.000ns period=10.000ns})
  Destination:            mlp_iris_bd_i/mlp_iris_axi_wrapper_0/inst/last_cycle_count_reg[10]/D
                            (rising edge-triggered cell FDRE clocked by clk_pl_0  {rise@0.000ns fall@5.000ns period=10.000ns})
  Path Group:             clk_pl_0
  Path Type:              Hold (Min at Fast Process Corner)
  Requirement:            0.000ns  (clk_pl_0 rise@0.000ns - clk_pl_0 rise@0.000ns)
  Data Path Delay:        0.109ns  (logic 0.056ns (51.376%)  route 0.053ns (48.624%))
  Logic Levels:           1  (CARRY8=1)
  Clock Path Skew:        0.145ns (DCD - SCD - CPR)
    Destination Clock Delay (DCD):    1.431ns
    Source Clock Delay      (SCD):    1.253ns
    Clock Pessimism Removal (CPR):    0.033ns

    Location             Delay type                Incr(ns)  Path(ns)    Netlist Resource(s)
  -------------------------------------------------------------------    -------------------
                         (clock clk_pl_0 rise edge)
                                                      0.000     0.000 r  
                         PS8                          0.000     0.000 r  mlp_iris_bd_i/zynq_ultra_ps_e_0/inst/PS8_i/PLCLK[0]
                         net (fo=1, unplaced)         0.122     0.122    mlp_iris_bd_i/zynq_ultra_ps_e_0/inst/pl_clk_unbuffered[0]
                         BUFG_PS (Prop_BUFG_PS_I_O)
                                                      0.017     0.139 r  mlp_iris_bd_i/zynq_ultra_ps_e_0/inst/buffer_pl_clk_0.PL_CLK_0_BUFG/O
                         net (fo=1461, unplaced)      1.114     1.253    mlp_iris_bd_i/mlp_iris_axi_wrapper_0/inst/s_axi_aclk
                         FDRE                                         r  mlp_iris_bd_i/mlp_iris_axi_wrapper_0/inst/cycle_counter_reg[10]/C
  -------------------------------------------------------------------    -------------------
                         FDRE (Prop_FDRE_C_Q)         0.038     1.291 r  mlp_iris_bd_i/mlp_iris_axi_wrapper_0/inst/cycle_counter_reg[10]/Q
                         net (fo=2, unplaced)         0.046     1.337    mlp_iris_bd_i/mlp_iris_axi_wrapper_0/inst/cycle_counter_reg[10]
                         CARRY8 (Prop_CARRY8_S[1]_O[1])
                                                      0.018     1.355 r  mlp_iris_bd_i/mlp_iris_axi_wrapper_0/inst/last_cycle_count_reg[16]_i_1/O[1]
                         net (fo=1, unplaced)         0.007     1.362    mlp_iris_bd_i/mlp_iris_axi_wrapper_0/inst/p_0_in__0[10]
                         FDRE                                         r  mlp_iris_bd_i/mlp_iris_axi_wrapper_0/inst/last_cycle_count_reg[10]/D
  -------------------------------------------------------------------    -------------------

                         (clock clk_pl_0 rise edge)
                                                      0.000     0.000 r  
                         PS8                          0.000     0.000 r  mlp_iris_bd_i/zynq_ultra_ps_e_0/inst/PS8_i/PLCLK[0]
                         net (fo=1, unplaced)         0.154     0.154    mlp_iris_bd_i/zynq_ultra_ps_e_0/inst/pl_clk_unbuffered[0]
                         BUFG_PS (Prop_BUFG_PS_I_O)
                                                      0.018     0.172 r  mlp_iris_bd_i/zynq_ultra_ps_e_0/inst/buffer_pl_clk_0.PL_CLK_0_BUFG/O
                         net (fo=1461, unplaced)      1.259     1.431    mlp_iris_bd_i/mlp_iris_axi_wrapper_0/inst/s_axi_aclk
                         FDRE                                         r  mlp_iris_bd_i/mlp_iris_axi_wrapper_0/inst/last_cycle_count_reg[10]/C
                         clock pessimism             -0.033     1.398    
                         FDRE (Hold_FDRE_C_D)         0.046     1.444    mlp_iris_bd_i/mlp_iris_axi_wrapper_0/inst/last_cycle_count_reg[10]
  -------------------------------------------------------------------
                         required time                         -1.444    
                         arrival time                           1.362    
  -------------------------------------------------------------------
                         slack                                 -0.082    





Pulse Width Checks
--------------------------------------------------------------------------------------
Clock Name:         clk_pl_0
Waveform(ns):       { 0.000 5.000 }
Period(ns):         10.000
Sources:            { mlp_iris_bd_i/zynq_ultra_ps_e_0/inst/PS8_i/PLCLK[0] }

Check Type        Corner  Lib Pin          Reference Pin  Required(ns)  Actual(ns)  Slack(ns)  Location  Pin
Min Period        n/a     PS8/MAXIGP0ACLK  n/a            3.000         10.000      7.000                mlp_iris_bd_i/zynq_ultra_ps_e_0/inst/PS8_i/MAXIGP0ACLK
Low Pulse Width   Slow    PS8/MAXIGP0ACLK  n/a            1.500         5.000       3.500                mlp_iris_bd_i/zynq_ultra_ps_e_0/inst/PS8_i/MAXIGP0ACLK
High Pulse Width  Slow    PS8/MAXIGP0ACLK  n/a            1.500         5.000       3.500                mlp_iris_bd_i/zynq_ultra_ps_e_0/inst/PS8_i/MAXIGP0ACLK



