Copyright 1986-2022 Xilinx, Inc. All Rights Reserved. Copyright 2022-2024 Advanced Micro Devices, Inc. All Rights Reserved.
-------------------------------------------------------------------------------------------------------------------------------------------------------------------------------
| Tool Version : Vivado v.2024.2 (lin64) Build 5239630 Fri Nov 08 22:34:34 MST 2024
| Date         : Fri Sep  4 15:02:02 2026
| Host         : ubuntu running 64-bit Ubuntu 24.04.3 LTS
| Command      : report_utilization -hierarchical -file {/home/miguel/Downloads/Plano testes TCC/MLP/hls4ml/vivado_zcu104_mlp/reports/utilization_hierarchical_post_synth.rpt}
| Design       : mlp_iris_bd_wrapper
| Device       : xczu7ev-ffvc1156-2-e
| Speed File   : -2
| Design State : Synthesized
-------------------------------------------------------------------------------------------------------------------------------------------------------------------------------

Utilization Design Information

Table of Contents
-----------------
1. Utilization by Hierarchy

1. Utilization by Hierarchy
---------------------------

+--------------------------------------------------------------------------------------------------+---------------------------------------------------------------------------------------------------------+------------+------------+---------+------+------+--------+--------+------+------------+
|                                             Instance                                             |                                                  Module                                                 | Total LUTs | Logic LUTs | LUTRAMs | SRLs |  FFs | RAMB36 | RAMB18 | URAM | DSP Blocks |
+--------------------------------------------------------------------------------------------------+---------------------------------------------------------------------------------------------------------+------------+------------+---------+------+------+--------+--------+------+------------+
| mlp_iris_bd_wrapper                                                                              |                                                                                                   (top) |       3122 |       3120 |       0 |    2 | 1436 |      0 |      3 |    0 |        108 |
|   mlp_iris_bd_i                                                                                  |                                                                                             mlp_iris_bd |       3122 |       3120 |       0 |    2 | 1436 |      0 |      3 |    0 |        108 |
|     (mlp_iris_bd_i)                                                                              |                                                                                             mlp_iris_bd |          0 |          0 |       0 |    0 |    0 |      0 |      0 |    0 |          0 |
|     axi_smc                                                                                      |                                                                                   mlp_iris_bd_axi_smc_0 |        605 |        604 |       0 |    1 |  725 |      0 |      0 |    0 |          0 |
|       (axi_smc)                                                                                  |                                                                                   mlp_iris_bd_axi_smc_0 |          0 |          0 |       0 |    0 |    0 |      0 |      0 |    0 |          0 |
|       inst                                                                                       |                                                                           mlp_iris_bd_axi_smc_0_bd_3b26 |        605 |        604 |       0 |    1 |  725 |      0 |      0 |    0 |          0 |
|         clk_map                                                                                  |                                                               mlp_iris_bd_axi_smc_0_clk_map_imp_18L8QDV |         13 |         12 |       0 |    1 |   22 |      0 |      0 |    0 |          0 |
|           psr_aclk                                                                               |                                                                mlp_iris_bd_axi_smc_0_bd_3b26_psr_aclk_0 |         13 |         12 |       0 |    1 |   22 |      0 |      0 |    0 |          0 |
|             U0                                                                                   |                                                                    mlp_iris_bd_axi_smc_0_proc_sys_reset |         13 |         12 |       0 |    1 |   22 |      0 |      0 |    0 |          0 |
|               (U0)                                                                               |                                                                    mlp_iris_bd_axi_smc_0_proc_sys_reset |          0 |          0 |       0 |    0 |    1 |      0 |      0 |    0 |          0 |
|               EXT_LPF                                                                            |                                                                               mlp_iris_bd_axi_smc_0_lpf |          3 |          2 |       0 |    1 |    6 |      0 |      0 |    0 |          0 |
|                 (EXT_LPF)                                                                        |                                                                               mlp_iris_bd_axi_smc_0_lpf |          2 |          1 |       0 |    1 |    2 |      0 |      0 |    0 |          0 |
|                 ACTIVE_LOW_AUX.ACT_LO_AUX                                                        |                                                                          mlp_iris_bd_axi_smc_0_cdc_sync |          1 |          1 |       0 |    0 |    4 |      0 |      0 |    0 |          0 |
|               SEQ                                                                                |                                                                      mlp_iris_bd_axi_smc_0_sequence_psr |         10 |         10 |       0 |    0 |   15 |      0 |      0 |    0 |          0 |
|                 (SEQ)                                                                            |                                                                      mlp_iris_bd_axi_smc_0_sequence_psr |          5 |          5 |       0 |    0 |    9 |      0 |      0 |    0 |          0 |
|                 SEQ_COUNTER                                                                      |                                                                           mlp_iris_bd_axi_smc_0_upcnt_n |          5 |          5 |       0 |    0 |    6 |      0 |      0 |    0 |          0 |
|         m00_exit_pipeline                                                                        |                                                      mlp_iris_bd_axi_smc_0_m00_exit_pipeline_imp_OG377S |          9 |          9 |       0 |    0 |    9 |      0 |      0 |    0 |          0 |
|           m00_exit                                                                               |                                                                    mlp_iris_bd_axi_smc_0_bd_3b26_m00e_0 |          9 |          9 |       0 |    0 |    9 |      0 |      0 |    0 |          0 |
|             (m00_exit)                                                                           |                                                                    mlp_iris_bd_axi_smc_0_bd_3b26_m00e_0 |          0 |          0 |       0 |    0 |    0 |      0 |      0 |    0 |          0 |
|             inst                                                                                 |                                                               mlp_iris_bd_axi_smc_0_sc_exit_v1_0_16_top |          9 |          9 |       0 |    0 |    9 |      0 |      0 |    0 |          0 |
|               (inst)                                                                             |                                                               mlp_iris_bd_axi_smc_0_sc_exit_v1_0_16_top |          2 |          2 |       0 |    0 |    2 |      0 |      0 |    0 |          0 |
|               exit_inst                                                                          |                                                              mlp_iris_bd_axi_smc_0_sc_exit_v1_0_16_exit |          6 |          6 |       0 |    0 |    4 |      0 |      0 |    0 |          0 |
|               xpm_cdc_async_rst_inst                                                             |                                                              mlp_iris_bd_axi_smc_0_xpm_cdc_async_rst__1 |          1 |          1 |       0 |    0 |    3 |      0 |      0 |    0 |          0 |
|         m00_sc2axi                                                                               |                                                                  mlp_iris_bd_axi_smc_0_bd_3b26_m00s2a_0 |          0 |          0 |       0 |    0 |    0 |      0 |      0 |    0 |          0 |
|           (m00_sc2axi)                                                                           |                                                                  mlp_iris_bd_axi_smc_0_bd_3b26_m00s2a_0 |          0 |          0 |       0 |    0 |    0 |      0 |      0 |    0 |          0 |
|           inst                                                                                   |                                                             mlp_iris_bd_axi_smc_0_sc_sc2axi_v1_0_10_top |          0 |          0 |       0 |    0 |    0 |      0 |      0 |    0 |          0 |
|         s00_axi2sc                                                                               |                                                                  mlp_iris_bd_axi_smc_0_bd_3b26_s00a2s_0 |          0 |          0 |       0 |    0 |    0 |      0 |      0 |    0 |          0 |
|           (s00_axi2sc)                                                                           |                                                                  mlp_iris_bd_axi_smc_0_bd_3b26_s00a2s_0 |          0 |          0 |       0 |    0 |    0 |      0 |      0 |    0 |          0 |
|           inst                                                                                   |                                                             mlp_iris_bd_axi_smc_0_sc_axi2sc_v1_0_10_top |          0 |          0 |       0 |    0 |    0 |      0 |      0 |    0 |          0 |
|         s00_entry_pipeline                                                                       |                                                    mlp_iris_bd_axi_smc_0_s00_entry_pipeline_imp_1OTHSGB |        523 |        523 |       0 |    0 |  539 |      0 |      0 |    0 |          0 |
|           s00_mmu                                                                                |                                                                  mlp_iris_bd_axi_smc_0_bd_3b26_s00mmu_0 |        215 |        215 |       0 |    0 |  205 |      0 |      0 |    0 |          0 |
|             (s00_mmu)                                                                            |                                                                  mlp_iris_bd_axi_smc_0_bd_3b26_s00mmu_0 |          0 |          0 |       0 |    0 |    0 |      0 |      0 |    0 |          0 |
|             inst                                                                                 |                                                                mlp_iris_bd_axi_smc_0_sc_mmu_v1_0_14_top |        215 |        215 |       0 |    0 |  205 |      0 |      0 |    0 |          0 |
|               (inst)                                                                             |                                                                mlp_iris_bd_axi_smc_0_sc_mmu_v1_0_14_top |         74 |         74 |       0 |    0 |   17 |      0 |      0 |    0 |          0 |
|               ar_reg_stall                                                                       |                                      mlp_iris_bd_axi_smc_0_sc_util_v1_0_4_axi_reg_stall__parameterized0 |         43 |         43 |       0 |    0 |   76 |      0 |      0 |    0 |          0 |
|               aw_reg_stall                                                                       |                                    mlp_iris_bd_axi_smc_0_sc_util_v1_0_4_axi_reg_stall__parameterized0_7 |         39 |         39 |       0 |    0 |   60 |      0 |      0 |    0 |          0 |
|               gen_endpoint.decerr_slave_inst                                                     |                                                       mlp_iris_bd_axi_smc_0_sc_mmu_v1_0_14_decerr_slave |         58 |         58 |       0 |    0 |   49 |      0 |      0 |    0 |          0 |
|               xpm_cdc_async_rst_inst                                                             |                                                              mlp_iris_bd_axi_smc_0_xpm_cdc_async_rst__2 |          1 |          1 |       0 |    0 |    3 |      0 |      0 |    0 |          0 |
|           s00_si_converter                                                                       |                                                                  mlp_iris_bd_axi_smc_0_bd_3b26_s00sic_0 |        298 |        298 |       0 |    0 |  294 |      0 |      0 |    0 |          0 |
|             (s00_si_converter)                                                                   |                                                                  mlp_iris_bd_axi_smc_0_bd_3b26_s00sic_0 |          0 |          0 |       0 |    0 |    0 |      0 |      0 |    0 |          0 |
|             inst                                                                                 |                                                       mlp_iris_bd_axi_smc_0_sc_si_converter_v1_0_14_top |        298 |        298 |       0 |    0 |  294 |      0 |      0 |    0 |          0 |
|               (inst)                                                                             |                                                       mlp_iris_bd_axi_smc_0_sc_si_converter_v1_0_14_top |          1 |          1 |       0 |    0 |    1 |      0 |      0 |    0 |          0 |
|               gen_axilite_conv.axilite_conv_inst                                                 |                                              mlp_iris_bd_axi_smc_0_sc_si_converter_v1_0_14_axilite_conv |        296 |        296 |       0 |    0 |  290 |      0 |      0 |    0 |          0 |
|               xpm_cdc_async_rst_inst                                                             |                                                              mlp_iris_bd_axi_smc_0_xpm_cdc_async_rst__3 |          1 |          1 |       0 |    0 |    3 |      0 |      0 |    0 |          0 |
|           s00_transaction_regulator                                                              |                                                                   mlp_iris_bd_axi_smc_0_bd_3b26_s00tr_0 |         10 |         10 |       0 |    0 |   40 |      0 |      0 |    0 |          0 |
|             (s00_transaction_regulator)                                                          |                                                                   mlp_iris_bd_axi_smc_0_bd_3b26_s00tr_0 |          0 |          0 |       0 |    0 |    0 |      0 |      0 |    0 |          0 |
|             inst                                                                                 |                                              mlp_iris_bd_axi_smc_0_sc_transaction_regulator_v1_0_11_top |         10 |         10 |       0 |    0 |   40 |      0 |      0 |    0 |          0 |
|               (inst)                                                                             |                                              mlp_iris_bd_axi_smc_0_sc_transaction_regulator_v1_0_11_top |          1 |          1 |       0 |    0 |    1 |      0 |      0 |    0 |          0 |
|               gen_endpoint.gen_r_singleorder.r_singleorder                                       |                                      mlp_iris_bd_axi_smc_0_sc_transaction_regulator_v1_0_11_singleorder |          4 |          4 |       0 |    0 |   17 |      0 |      0 |    0 |          0 |
|               gen_endpoint.gen_w_singleorder.w_singleorder                                       |                                    mlp_iris_bd_axi_smc_0_sc_transaction_regulator_v1_0_11_singleorder_6 |          4 |          4 |       0 |    0 |   19 |      0 |      0 |    0 |          0 |
|               xpm_cdc_async_rst_inst                                                             |                                                              mlp_iris_bd_axi_smc_0_xpm_cdc_async_rst__4 |          1 |          1 |       0 |    0 |    3 |      0 |      0 |    0 |          0 |
|         s00_nodes                                                                                |                                                             mlp_iris_bd_axi_smc_0_s00_nodes_imp_1LB3QZ5 |         60 |         60 |       0 |    0 |  155 |      0 |      0 |    0 |          0 |
|           s00_ar_node                                                                            |                                                                    mlp_iris_bd_axi_smc_0_bd_3b26_sarn_0 |         12 |         12 |       0 |    0 |   22 |      0 |      0 |    0 |          0 |
|             (s00_ar_node)                                                                        |                                                                    mlp_iris_bd_axi_smc_0_bd_3b26_sarn_0 |          0 |          0 |       0 |    0 |    0 |      0 |      0 |    0 |          0 |
|             inst                                                                                 |                                                               mlp_iris_bd_axi_smc_0_sc_node_v1_0_17_top |         12 |         12 |       0 |    0 |   22 |      0 |      0 |    0 |          0 |
|               (inst)                                                                             |                                                               mlp_iris_bd_axi_smc_0_sc_node_v1_0_17_top |          3 |          3 |       0 |    0 |    1 |      0 |      0 |    0 |          0 |
|               inst_mi_handler                                                                    |                                                        mlp_iris_bd_axi_smc_0_sc_node_v1_0_17_mi_handler |          7 |          7 |       0 |    0 |   15 |      0 |      0 |    0 |          0 |
|                 (inst_mi_handler)                                                                |                                                        mlp_iris_bd_axi_smc_0_sc_node_v1_0_17_mi_handler |          0 |          0 |       0 |    0 |    2 |      0 |      0 |    0 |          0 |
|                 gen_normal_area.inst_fifo_node_payld                                             |                                                            mlp_iris_bd_axi_smc_0_sc_node_v1_0_17_fifo_3 |          7 |          7 |       0 |    0 |   13 |      0 |      0 |    0 |          0 |
|                   gen_reg_fifo.inst_reg_fifo                                                     |                                                        mlp_iris_bd_axi_smc_0_sc_node_v1_0_17_reg_fifo_4 |          7 |          7 |       0 |    0 |   13 |      0 |      0 |    0 |          0 |
|                     (gen_reg_fifo.inst_reg_fifo)                                                 |                                                        mlp_iris_bd_axi_smc_0_sc_node_v1_0_17_reg_fifo_4 |          3 |          3 |       0 |    0 |   11 |      0 |      0 |    0 |          0 |
|                     gen_single_rank.inst_cntr                                                    |                                                          mlp_iris_bd_axi_smc_0_sc_util_v1_0_4_counter_5 |          4 |          4 |       0 |    0 |    2 |      0 |      0 |    0 |          0 |
|               m_sc_xpm_cdc_async_rst_inst                                                        |                                                              mlp_iris_bd_axi_smc_0_xpm_cdc_async_rst__6 |          1 |          1 |       0 |    0 |    3 |      0 |      0 |    0 |          0 |
|               s_sc_xpm_cdc_async_rst_inst                                                        |                                                              mlp_iris_bd_axi_smc_0_xpm_cdc_async_rst__5 |          1 |          1 |       0 |    0 |    3 |      0 |      0 |    0 |          0 |
|           s00_aw_node                                                                            |                                                                    mlp_iris_bd_axi_smc_0_bd_3b26_sawn_0 |         12 |         12 |       0 |    0 |   22 |      0 |      0 |    0 |          0 |
|             (s00_aw_node)                                                                        |                                                                    mlp_iris_bd_axi_smc_0_bd_3b26_sawn_0 |          0 |          0 |       0 |    0 |    0 |      0 |      0 |    0 |          0 |
|             inst                                                                                 |                                               mlp_iris_bd_axi_smc_0_sc_node_v1_0_17_top__parameterized0 |         12 |         12 |       0 |    0 |   22 |      0 |      0 |    0 |          0 |
|               (inst)                                                                             |                                               mlp_iris_bd_axi_smc_0_sc_node_v1_0_17_top__parameterized0 |          3 |          3 |       0 |    0 |    1 |      0 |      0 |    0 |          0 |
|               inst_mi_handler                                                                    |                                        mlp_iris_bd_axi_smc_0_sc_node_v1_0_17_mi_handler__parameterized0 |          7 |          7 |       0 |    0 |   15 |      0 |      0 |    0 |          0 |
|                 (inst_mi_handler)                                                                |                                        mlp_iris_bd_axi_smc_0_sc_node_v1_0_17_mi_handler__parameterized0 |          0 |          0 |       0 |    0 |    2 |      0 |      0 |    0 |          0 |
|                 gen_normal_area.inst_fifo_node_payld                                             |                                                              mlp_iris_bd_axi_smc_0_sc_node_v1_0_17_fifo |          7 |          7 |       0 |    0 |   13 |      0 |      0 |    0 |          0 |
|                   gen_reg_fifo.inst_reg_fifo                                                     |                                                          mlp_iris_bd_axi_smc_0_sc_node_v1_0_17_reg_fifo |          7 |          7 |       0 |    0 |   13 |      0 |      0 |    0 |          0 |
|                     (gen_reg_fifo.inst_reg_fifo)                                                 |                                                          mlp_iris_bd_axi_smc_0_sc_node_v1_0_17_reg_fifo |          3 |          3 |       0 |    0 |   11 |      0 |      0 |    0 |          0 |
|                     gen_single_rank.inst_cntr                                                    |                                                          mlp_iris_bd_axi_smc_0_sc_util_v1_0_4_counter_2 |          4 |          4 |       0 |    0 |    2 |      0 |      0 |    0 |          0 |
|               m_sc_xpm_cdc_async_rst_inst                                                        |                                                              mlp_iris_bd_axi_smc_0_xpm_cdc_async_rst__8 |          1 |          1 |       0 |    0 |    3 |      0 |      0 |    0 |          0 |
|               s_sc_xpm_cdc_async_rst_inst                                                        |                                                              mlp_iris_bd_axi_smc_0_xpm_cdc_async_rst__7 |          1 |          1 |       0 |    0 |    3 |      0 |      0 |    0 |          0 |
|           s00_b_node                                                                             |                                                                     mlp_iris_bd_axi_smc_0_bd_3b26_sbn_0 |         12 |         12 |       0 |    0 |   15 |      0 |      0 |    0 |          0 |
|             (s00_b_node)                                                                         |                                                                     mlp_iris_bd_axi_smc_0_bd_3b26_sbn_0 |          0 |          0 |       0 |    0 |    0 |      0 |      0 |    0 |          0 |
|             inst                                                                                 |                                               mlp_iris_bd_axi_smc_0_sc_node_v1_0_17_top__parameterized1 |         12 |         12 |       0 |    0 |   15 |      0 |      0 |    0 |          0 |
|               (inst)                                                                             |                                               mlp_iris_bd_axi_smc_0_sc_node_v1_0_17_top__parameterized1 |          3 |          3 |       0 |    0 |    1 |      0 |      0 |    0 |          0 |
|               inst_mi_handler                                                                    |                                        mlp_iris_bd_axi_smc_0_sc_node_v1_0_17_mi_handler__parameterized1 |          7 |          7 |       0 |    0 |    8 |      0 |      0 |    0 |          0 |
|                 (inst_mi_handler)                                                                |                                        mlp_iris_bd_axi_smc_0_sc_node_v1_0_17_mi_handler__parameterized1 |          0 |          0 |       0 |    0 |    2 |      0 |      0 |    0 |          0 |
|                 gen_normal_area.inst_fifo_node_payld                                             |                                              mlp_iris_bd_axi_smc_0_sc_node_v1_0_17_fifo__parameterized0 |          7 |          7 |       0 |    0 |    6 |      0 |      0 |    0 |          0 |
|                   gen_reg_fifo.inst_reg_fifo                                                     |                                          mlp_iris_bd_axi_smc_0_sc_node_v1_0_17_reg_fifo__parameterized0 |          7 |          7 |       0 |    0 |    6 |      0 |      0 |    0 |          0 |
|                     (gen_reg_fifo.inst_reg_fifo)                                                 |                                          mlp_iris_bd_axi_smc_0_sc_node_v1_0_17_reg_fifo__parameterized0 |          3 |          3 |       0 |    0 |    4 |      0 |      0 |    0 |          0 |
|                     gen_single_rank.inst_cntr                                                    |                                                          mlp_iris_bd_axi_smc_0_sc_util_v1_0_4_counter_1 |          4 |          4 |       0 |    0 |    2 |      0 |      0 |    0 |          0 |
|               m_sc_xpm_cdc_async_rst_inst                                                        |                                                             mlp_iris_bd_axi_smc_0_xpm_cdc_async_rst__10 |          1 |          1 |       0 |    0 |    3 |      0 |      0 |    0 |          0 |
|               s_sc_xpm_cdc_async_rst_inst                                                        |                                                              mlp_iris_bd_axi_smc_0_xpm_cdc_async_rst__9 |          1 |          1 |       0 |    0 |    3 |      0 |      0 |    0 |          0 |
|           s00_r_node                                                                             |                                                                     mlp_iris_bd_axi_smc_0_bd_3b26_srn_0 |         12 |         12 |       0 |    0 |   47 |      0 |      0 |    0 |          0 |
|             (s00_r_node)                                                                         |                                                                     mlp_iris_bd_axi_smc_0_bd_3b26_srn_0 |          0 |          0 |       0 |    0 |    0 |      0 |      0 |    0 |          0 |
|             inst                                                                                 |                                               mlp_iris_bd_axi_smc_0_sc_node_v1_0_17_top__parameterized2 |         12 |         12 |       0 |    0 |   47 |      0 |      0 |    0 |          0 |
|               (inst)                                                                             |                                               mlp_iris_bd_axi_smc_0_sc_node_v1_0_17_top__parameterized2 |          3 |          3 |       0 |    0 |    1 |      0 |      0 |    0 |          0 |
|               inst_mi_handler                                                                    |                                        mlp_iris_bd_axi_smc_0_sc_node_v1_0_17_mi_handler__parameterized2 |          7 |          7 |       0 |    0 |   40 |      0 |      0 |    0 |          0 |
|                 (inst_mi_handler)                                                                |                                        mlp_iris_bd_axi_smc_0_sc_node_v1_0_17_mi_handler__parameterized2 |          0 |          0 |       0 |    0 |    2 |      0 |      0 |    0 |          0 |
|                 gen_normal_area.inst_fifo_node_payld                                             |                                              mlp_iris_bd_axi_smc_0_sc_node_v1_0_17_fifo__parameterized1 |          7 |          7 |       0 |    0 |   38 |      0 |      0 |    0 |          0 |
|                   gen_reg_fifo.inst_reg_fifo                                                     |                                          mlp_iris_bd_axi_smc_0_sc_node_v1_0_17_reg_fifo__parameterized1 |          7 |          7 |       0 |    0 |   38 |      0 |      0 |    0 |          0 |
|                     (gen_reg_fifo.inst_reg_fifo)                                                 |                                          mlp_iris_bd_axi_smc_0_sc_node_v1_0_17_reg_fifo__parameterized1 |          3 |          3 |       0 |    0 |   36 |      0 |      0 |    0 |          0 |
|                     gen_single_rank.inst_cntr                                                    |                                                          mlp_iris_bd_axi_smc_0_sc_util_v1_0_4_counter_0 |          4 |          4 |       0 |    0 |    2 |      0 |      0 |    0 |          0 |
|               m_sc_xpm_cdc_async_rst_inst                                                        |                                                             mlp_iris_bd_axi_smc_0_xpm_cdc_async_rst__12 |          1 |          1 |       0 |    0 |    3 |      0 |      0 |    0 |          0 |
|               s_sc_xpm_cdc_async_rst_inst                                                        |                                                             mlp_iris_bd_axi_smc_0_xpm_cdc_async_rst__11 |          1 |          1 |       0 |    0 |    3 |      0 |      0 |    0 |          0 |
|           s00_w_node                                                                             |                                                                     mlp_iris_bd_axi_smc_0_bd_3b26_swn_0 |         12 |         12 |       0 |    0 |   49 |      0 |      0 |    0 |          0 |
|             (s00_w_node)                                                                         |                                                                     mlp_iris_bd_axi_smc_0_bd_3b26_swn_0 |          0 |          0 |       0 |    0 |    0 |      0 |      0 |    0 |          0 |
|             inst                                                                                 |                                               mlp_iris_bd_axi_smc_0_sc_node_v1_0_17_top__parameterized3 |         12 |         12 |       0 |    0 |   49 |      0 |      0 |    0 |          0 |
|               (inst)                                                                             |                                               mlp_iris_bd_axi_smc_0_sc_node_v1_0_17_top__parameterized3 |          3 |          3 |       0 |    0 |    1 |      0 |      0 |    0 |          0 |
|               inst_mi_handler                                                                    |                                        mlp_iris_bd_axi_smc_0_sc_node_v1_0_17_mi_handler__parameterized3 |          7 |          7 |       0 |    0 |   42 |      0 |      0 |    0 |          0 |
|                 (inst_mi_handler)                                                                |                                        mlp_iris_bd_axi_smc_0_sc_node_v1_0_17_mi_handler__parameterized3 |          0 |          0 |       0 |    0 |    2 |      0 |      0 |    0 |          0 |
|                 gen_normal_area.inst_fifo_node_payld                                             |                                              mlp_iris_bd_axi_smc_0_sc_node_v1_0_17_fifo__parameterized2 |          7 |          7 |       0 |    0 |   40 |      0 |      0 |    0 |          0 |
|                   gen_reg_fifo.inst_reg_fifo                                                     |                                          mlp_iris_bd_axi_smc_0_sc_node_v1_0_17_reg_fifo__parameterized2 |          7 |          7 |       0 |    0 |   40 |      0 |      0 |    0 |          0 |
|                     (gen_reg_fifo.inst_reg_fifo)                                                 |                                          mlp_iris_bd_axi_smc_0_sc_node_v1_0_17_reg_fifo__parameterized2 |          3 |          3 |       0 |    0 |   38 |      0 |      0 |    0 |          0 |
|                     gen_single_rank.inst_cntr                                                    |                                                            mlp_iris_bd_axi_smc_0_sc_util_v1_0_4_counter |          4 |          4 |       0 |    0 |    2 |      0 |      0 |    0 |          0 |
|               m_sc_xpm_cdc_async_rst_inst                                                        |                                                                 mlp_iris_bd_axi_smc_0_xpm_cdc_async_rst |          1 |          1 |       0 |    0 |    3 |      0 |      0 |    0 |          0 |
|               s_sc_xpm_cdc_async_rst_inst                                                        |                                                             mlp_iris_bd_axi_smc_0_xpm_cdc_async_rst__13 |          1 |          1 |       0 |    0 |    3 |      0 |      0 |    0 |          0 |
|     mlp_iris_axi_wrapper_0                                                                       |                                                                    mlp_iris_bd_mlp_iris_axi_wrapper_0_0 |       2234 |       2234 |       0 |    0 |  671 |      0 |      3 |    0 |        108 |
|       (mlp_iris_axi_wrapper_0)                                                                   |                                                                    mlp_iris_bd_mlp_iris_axi_wrapper_0_0 |          0 |          0 |       0 |    0 |    0 |      0 |      0 |    0 |          0 |
|       inst                                                                                       |                                               mlp_iris_bd_mlp_iris_axi_wrapper_0_0_mlp_iris_axi_wrapper |       2234 |       2234 |       0 |    0 |  671 |      0 |      3 |    0 |        108 |
|         (inst)                                                                                   |                                               mlp_iris_bd_mlp_iris_axi_wrapper_0_0_mlp_iris_axi_wrapper |        130 |        130 |       0 |    0 |  294 |      0 |      0 |    0 |          0 |
|         mlp_core_i                                                                               |                                                                                           mlp_iris_core |       2104 |       2104 |       0 |    0 |  377 |      0 |      3 |    0 |        108 |
|           inst                                                                                   |                                                                                  mlp_iris_core_mlp_iris |       2104 |       2104 |       0 |    0 |  377 |      0 |      3 |    0 |        108 |
|             (inst)                                                                               |                                                                                  mlp_iris_core_mlp_iris |          7 |          7 |       0 |    0 |  376 |      0 |      0 |    0 |          0 |
|             call_ret1_dense_latency_ap_fixed_16_6_5_3_0_ap_fixed_16_6_5_3_0_config2_s_fu_73      |                  mlp_iris_core_mlp_iris_dense_latency_ap_fixed_16_6_5_3_0_ap_fixed_16_6_5_3_0_config2_s |        509 |        509 |       0 |    0 |    0 |      0 |      0 |    0 |         28 |
|               (call_ret1_dense_latency_ap_fixed_16_6_5_3_0_ap_fixed_16_6_5_3_0_config2_s_fu_73)  |                  mlp_iris_core_mlp_iris_dense_latency_ap_fixed_16_6_5_3_0_ap_fixed_16_6_5_3_0_config2_s |         81 |         81 |       0 |    0 |    0 |      0 |      0 |    0 |          0 |
|               mul_16s_10ns_26_1_1_U13                                                            |                                                           mlp_iris_core_mlp_iris_mul_16s_10ns_26_1_1_68 |          5 |          5 |       0 |    0 |    0 |      0 |      0 |    0 |          1 |
|               mul_16s_10ns_26_1_1_U17                                                            |                                                           mlp_iris_core_mlp_iris_mul_16s_10ns_26_1_1_69 |         22 |         22 |       0 |    0 |    0 |      0 |      0 |    0 |          1 |
|               mul_16s_10ns_26_1_1_U6                                                             |                                                           mlp_iris_core_mlp_iris_mul_16s_10ns_26_1_1_70 |          0 |          0 |       0 |    0 |    0 |      0 |      0 |    0 |          1 |
|               mul_16s_10ns_26_1_1_U8                                                             |                                                           mlp_iris_core_mlp_iris_mul_16s_10ns_26_1_1_71 |         11 |         11 |       0 |    0 |    0 |      0 |      0 |    0 |          1 |
|               mul_16s_10s_26_1_1_U11                                                             |                                                            mlp_iris_core_mlp_iris_mul_16s_10s_26_1_1_72 |         17 |         17 |       0 |    0 |    0 |      0 |      0 |    0 |          1 |
|               mul_16s_10s_26_1_1_U19                                                             |                                                            mlp_iris_core_mlp_iris_mul_16s_10s_26_1_1_73 |         13 |         13 |       0 |    0 |    0 |      0 |      0 |    0 |          1 |
|               mul_16s_10s_26_1_1_U2                                                              |                                                            mlp_iris_core_mlp_iris_mul_16s_10s_26_1_1_74 |          8 |          8 |       0 |    0 |    0 |      0 |      0 |    0 |          1 |
|               mul_16s_10s_26_1_1_U20                                                             |                                                            mlp_iris_core_mlp_iris_mul_16s_10s_26_1_1_75 |         62 |         62 |       0 |    0 |    0 |      0 |      0 |    0 |          1 |
|               mul_16s_10s_26_1_1_U21                                                             |                                                            mlp_iris_core_mlp_iris_mul_16s_10s_26_1_1_76 |          9 |          9 |       0 |    0 |    0 |      0 |      0 |    0 |          1 |
|               mul_16s_10s_26_1_1_U22                                                             |                                                            mlp_iris_core_mlp_iris_mul_16s_10s_26_1_1_77 |         10 |         10 |       0 |    0 |    0 |      0 |      0 |    0 |          1 |
|               mul_16s_10s_26_1_1_U24                                                             |                                                            mlp_iris_core_mlp_iris_mul_16s_10s_26_1_1_78 |         12 |         12 |       0 |    0 |    0 |      0 |      0 |    0 |          1 |
|               mul_16s_10s_26_1_1_U3                                                              |                                                            mlp_iris_core_mlp_iris_mul_16s_10s_26_1_1_79 |         36 |         36 |       0 |    0 |    0 |      0 |      0 |    0 |          1 |
|               mul_16s_10s_26_1_1_U4                                                              |                                                            mlp_iris_core_mlp_iris_mul_16s_10s_26_1_1_80 |         12 |         12 |       0 |    0 |    0 |      0 |      0 |    0 |          1 |
|               mul_16s_10s_26_1_1_U9                                                              |                                                            mlp_iris_core_mlp_iris_mul_16s_10s_26_1_1_81 |          3 |          3 |       0 |    0 |    0 |      0 |      0 |    0 |          1 |
|               mul_16s_11ns_26_1_1_U1                                                             |                                                           mlp_iris_core_mlp_iris_mul_16s_11ns_26_1_1_82 |          6 |          6 |       0 |    0 |    0 |      0 |      0 |    0 |          1 |
|               mul_16s_11ns_26_1_1_U10                                                            |                                                           mlp_iris_core_mlp_iris_mul_16s_11ns_26_1_1_83 |          0 |          0 |       0 |    0 |    0 |      0 |      0 |    0 |          1 |
|               mul_16s_11ns_26_1_1_U12                                                            |                                                           mlp_iris_core_mlp_iris_mul_16s_11ns_26_1_1_84 |         19 |         19 |       0 |    0 |    0 |      0 |      0 |    0 |          1 |
|               mul_16s_11ns_26_1_1_U14                                                            |                                                           mlp_iris_core_mlp_iris_mul_16s_11ns_26_1_1_85 |          3 |          3 |       0 |    0 |    0 |      0 |      0 |    0 |          1 |
|               mul_16s_11ns_26_1_1_U25                                                            |                                                           mlp_iris_core_mlp_iris_mul_16s_11ns_26_1_1_86 |         25 |         25 |       0 |    0 |    0 |      0 |      0 |    0 |          1 |
|               mul_16s_11ns_26_1_1_U27                                                            |                                                           mlp_iris_core_mlp_iris_mul_16s_11ns_26_1_1_87 |          3 |          3 |       0 |    0 |    0 |      0 |      0 |    0 |          1 |
|               mul_16s_11ns_26_1_1_U7                                                             |                                                           mlp_iris_core_mlp_iris_mul_16s_11ns_26_1_1_88 |          3 |          3 |       0 |    0 |    0 |      0 |      0 |    0 |          1 |
|               mul_16s_11s_26_1_1_U18                                                             |                                                            mlp_iris_core_mlp_iris_mul_16s_11s_26_1_1_89 |         18 |         18 |       0 |    0 |    0 |      0 |      0 |    0 |          1 |
|               mul_16s_12s_26_1_1_U23                                                             |                                                            mlp_iris_core_mlp_iris_mul_16s_12s_26_1_1_90 |         38 |         38 |       0 |    0 |    0 |      0 |      0 |    0 |          1 |
|               mul_16s_7s_23_1_1_U28                                                              |                                                             mlp_iris_core_mlp_iris_mul_16s_7s_23_1_1_91 |         10 |         10 |       0 |    0 |    0 |      0 |      0 |    0 |          1 |
|               mul_16s_8ns_24_1_1_U5                                                              |                                                            mlp_iris_core_mlp_iris_mul_16s_8ns_24_1_1_92 |         11 |         11 |       0 |    0 |    0 |      0 |      0 |    0 |          1 |
|               mul_16s_8s_24_1_1_U26                                                              |                                                             mlp_iris_core_mlp_iris_mul_16s_8s_24_1_1_93 |         25 |         25 |       0 |    0 |    0 |      0 |      0 |    0 |          1 |
|               mul_16s_9ns_25_1_1_U16                                                             |                                                            mlp_iris_core_mlp_iris_mul_16s_9ns_25_1_1_94 |         34 |         34 |       0 |    0 |    0 |      0 |      0 |    0 |          1 |
|               mul_16s_9s_25_1_1_U15                                                              |                                                             mlp_iris_core_mlp_iris_mul_16s_9s_25_1_1_95 |         16 |         16 |       0 |    0 |    0 |      0 |      0 |    0 |          1 |
|             call_ret3_dense_latency_ap_fixed_16_6_5_3_0_ap_fixed_16_6_5_3_0_config4_s_fu_91      |                  mlp_iris_core_mlp_iris_dense_latency_ap_fixed_16_6_5_3_0_ap_fixed_16_6_5_3_0_config4_s |       1090 |       1090 |       0 |    0 |    0 |      0 |      0 |    0 |         54 |
|               (call_ret3_dense_latency_ap_fixed_16_6_5_3_0_ap_fixed_16_6_5_3_0_config4_s_fu_91)  |                  mlp_iris_core_mlp_iris_dense_latency_ap_fixed_16_6_5_3_0_ap_fixed_16_6_5_3_0_config4_s |        140 |        140 |       0 |    0 |    0 |      0 |      0 |    0 |          0 |
|               mul_16s_10ns_26_1_1_U48                                                            |                                                           mlp_iris_core_mlp_iris_mul_16s_10ns_26_1_1_17 |          2 |          2 |       0 |    0 |    0 |      0 |      0 |    0 |          1 |
|               mul_16s_10ns_26_1_1_U50                                                            |                                                           mlp_iris_core_mlp_iris_mul_16s_10ns_26_1_1_18 |         21 |         21 |       0 |    0 |    0 |      0 |      0 |    0 |          1 |
|               mul_16s_10ns_26_1_1_U58                                                            |                                                           mlp_iris_core_mlp_iris_mul_16s_10ns_26_1_1_19 |         18 |         18 |       0 |    0 |    0 |      0 |      0 |    0 |          1 |
|               mul_16s_10ns_26_1_1_U66                                                            |                                                           mlp_iris_core_mlp_iris_mul_16s_10ns_26_1_1_20 |          2 |          2 |       0 |    0 |    0 |      0 |      0 |    0 |          1 |
|               mul_16s_10ns_26_1_1_U72                                                            |                                                           mlp_iris_core_mlp_iris_mul_16s_10ns_26_1_1_21 |          1 |          1 |       0 |    0 |    0 |      0 |      0 |    0 |          1 |
|               mul_16s_10ns_26_1_1_U87                                                            |                                                           mlp_iris_core_mlp_iris_mul_16s_10ns_26_1_1_22 |         11 |         11 |       0 |    0 |    0 |      0 |      0 |    0 |          1 |
|               mul_16s_10ns_26_1_1_U99                                                            |                                                           mlp_iris_core_mlp_iris_mul_16s_10ns_26_1_1_23 |          1 |          1 |       0 |    0 |    0 |      0 |      0 |    0 |          1 |
|               mul_16s_10s_26_1_1_U57                                                             |                                                            mlp_iris_core_mlp_iris_mul_16s_10s_26_1_1_24 |          2 |          2 |       0 |    0 |    0 |      0 |      0 |    0 |          1 |
|               mul_16s_10s_26_1_1_U62                                                             |                                                            mlp_iris_core_mlp_iris_mul_16s_10s_26_1_1_25 |         33 |         33 |       0 |    0 |    0 |      0 |      0 |    0 |          1 |
|               mul_16s_10s_26_1_1_U76                                                             |                                                            mlp_iris_core_mlp_iris_mul_16s_10s_26_1_1_26 |         55 |         55 |       0 |    0 |    0 |      0 |      0 |    0 |          1 |
|               mul_16s_10s_26_1_1_U83                                                             |                                                            mlp_iris_core_mlp_iris_mul_16s_10s_26_1_1_27 |          1 |          1 |       0 |    0 |    0 |      0 |      0 |    0 |          1 |
|               mul_16s_10s_26_1_1_U88                                                             |                                                            mlp_iris_core_mlp_iris_mul_16s_10s_26_1_1_28 |          1 |          1 |       0 |    0 |    0 |      0 |      0 |    0 |          1 |
|               mul_16s_11ns_26_1_1_U101                                                           |                                                           mlp_iris_core_mlp_iris_mul_16s_11ns_26_1_1_29 |          1 |          1 |       0 |    0 |    0 |      0 |      0 |    0 |          1 |
|               mul_16s_11ns_26_1_1_U53                                                            |                                                           mlp_iris_core_mlp_iris_mul_16s_11ns_26_1_1_30 |         21 |         21 |       0 |    0 |    0 |      0 |      0 |    0 |          1 |
|               mul_16s_11ns_26_1_1_U60                                                            |                                                           mlp_iris_core_mlp_iris_mul_16s_11ns_26_1_1_31 |         97 |         97 |       0 |    0 |    0 |      0 |      0 |    0 |          1 |
|               mul_16s_11ns_26_1_1_U68                                                            |                                                           mlp_iris_core_mlp_iris_mul_16s_11ns_26_1_1_32 |          4 |          4 |       0 |    0 |    0 |      0 |      0 |    0 |          1 |
|               mul_16s_11ns_26_1_1_U71                                                            |                                                           mlp_iris_core_mlp_iris_mul_16s_11ns_26_1_1_33 |         20 |         20 |       0 |    0 |    0 |      0 |      0 |    0 |          1 |
|               mul_16s_11ns_26_1_1_U74                                                            |                                                           mlp_iris_core_mlp_iris_mul_16s_11ns_26_1_1_34 |          0 |          0 |       0 |    0 |    0 |      0 |      0 |    0 |          1 |
|               mul_16s_11ns_26_1_1_U78                                                            |                                                           mlp_iris_core_mlp_iris_mul_16s_11ns_26_1_1_35 |          0 |          0 |       0 |    0 |    0 |      0 |      0 |    0 |          1 |
|               mul_16s_11ns_26_1_1_U79                                                            |                                                           mlp_iris_core_mlp_iris_mul_16s_11ns_26_1_1_36 |          0 |          0 |       0 |    0 |    0 |      0 |      0 |    0 |          1 |
|               mul_16s_11ns_26_1_1_U80                                                            |                                                           mlp_iris_core_mlp_iris_mul_16s_11ns_26_1_1_37 |          2 |          2 |       0 |    0 |    0 |      0 |      0 |    0 |          1 |
|               mul_16s_11ns_26_1_1_U89                                                            |                                                           mlp_iris_core_mlp_iris_mul_16s_11ns_26_1_1_38 |          0 |          0 |       0 |    0 |    0 |      0 |      0 |    0 |          1 |
|               mul_16s_11ns_26_1_1_U95                                                            |                                                           mlp_iris_core_mlp_iris_mul_16s_11ns_26_1_1_39 |          2 |          2 |       0 |    0 |    0 |      0 |      0 |    0 |          1 |
|               mul_16s_11ns_26_1_1_U98                                                            |                                                           mlp_iris_core_mlp_iris_mul_16s_11ns_26_1_1_40 |          1 |          1 |       0 |    0 |    0 |      0 |      0 |    0 |          1 |
|               mul_16s_11s_26_1_1_U52                                                             |                                                            mlp_iris_core_mlp_iris_mul_16s_11s_26_1_1_41 |         28 |         28 |       0 |    0 |    0 |      0 |      0 |    0 |          1 |
|               mul_16s_11s_26_1_1_U54                                                             |                                                            mlp_iris_core_mlp_iris_mul_16s_11s_26_1_1_42 |         15 |         15 |       0 |    0 |    0 |      0 |      0 |    0 |          1 |
|               mul_16s_11s_26_1_1_U65                                                             |                                                            mlp_iris_core_mlp_iris_mul_16s_11s_26_1_1_43 |         54 |         54 |       0 |    0 |    0 |      0 |      0 |    0 |          1 |
|               mul_16s_11s_26_1_1_U70                                                             |                                                            mlp_iris_core_mlp_iris_mul_16s_11s_26_1_1_44 |          4 |          4 |       0 |    0 |    0 |      0 |      0 |    0 |          1 |
|               mul_16s_11s_26_1_1_U73                                                             |                                                            mlp_iris_core_mlp_iris_mul_16s_11s_26_1_1_45 |          1 |          1 |       0 |    0 |    0 |      0 |      0 |    0 |          1 |
|               mul_16s_11s_26_1_1_U86                                                             |                                                            mlp_iris_core_mlp_iris_mul_16s_11s_26_1_1_46 |          1 |          1 |       0 |    0 |    0 |      0 |      0 |    0 |          1 |
|               mul_16s_11s_26_1_1_U91                                                             |                                                            mlp_iris_core_mlp_iris_mul_16s_11s_26_1_1_47 |         17 |         17 |       0 |    0 |    0 |      0 |      0 |    0 |          1 |
|               mul_16s_11s_26_1_1_U92                                                             |                                                            mlp_iris_core_mlp_iris_mul_16s_11s_26_1_1_48 |         22 |         22 |       0 |    0 |    0 |      0 |      0 |    0 |          1 |
|               mul_16s_12ns_26_1_1_U90                                                            |                                                              mlp_iris_core_mlp_iris_mul_16s_12ns_26_1_1 |         22 |         22 |       0 |    0 |    0 |      0 |      0 |    0 |          1 |
|               mul_16s_7s_23_1_1_U85                                                              |                                                                mlp_iris_core_mlp_iris_mul_16s_7s_23_1_1 |          1 |          1 |       0 |    0 |    0 |      0 |      0 |    0 |          1 |
|               mul_16s_8ns_24_1_1_U55                                                             |                                                            mlp_iris_core_mlp_iris_mul_16s_8ns_24_1_1_49 |         48 |         48 |       0 |    0 |    0 |      0 |      0 |    0 |          1 |
|               mul_16s_8ns_24_1_1_U56                                                             |                                                            mlp_iris_core_mlp_iris_mul_16s_8ns_24_1_1_50 |         22 |         22 |       0 |    0 |    0 |      0 |      0 |    0 |          1 |
|               mul_16s_8ns_24_1_1_U59                                                             |                                                            mlp_iris_core_mlp_iris_mul_16s_8ns_24_1_1_51 |         24 |         24 |       0 |    0 |    0 |      0 |      0 |    0 |          1 |
|               mul_16s_8ns_24_1_1_U81                                                             |                                                            mlp_iris_core_mlp_iris_mul_16s_8ns_24_1_1_52 |         17 |         17 |       0 |    0 |    0 |      0 |      0 |    0 |          1 |
|               mul_16s_8ns_24_1_1_U93                                                             |                                                            mlp_iris_core_mlp_iris_mul_16s_8ns_24_1_1_53 |         94 |         94 |       0 |    0 |    0 |      0 |      0 |    0 |          1 |
|               mul_16s_8ns_24_1_1_U97                                                             |                                                            mlp_iris_core_mlp_iris_mul_16s_8ns_24_1_1_54 |          0 |          0 |       0 |    0 |    0 |      0 |      0 |    0 |          1 |
|               mul_16s_8s_24_1_1_U49                                                              |                                                                mlp_iris_core_mlp_iris_mul_16s_8s_24_1_1 |          0 |          0 |       0 |    0 |    0 |      0 |      0 |    0 |          1 |
|               mul_16s_8s_24_1_1_U51                                                              |                                                             mlp_iris_core_mlp_iris_mul_16s_8s_24_1_1_55 |          7 |          7 |       0 |    0 |    0 |      0 |      0 |    0 |          1 |
|               mul_16s_8s_24_1_1_U75                                                              |                                                             mlp_iris_core_mlp_iris_mul_16s_8s_24_1_1_56 |         49 |         49 |       0 |    0 |    0 |      0 |      0 |    0 |          1 |
|               mul_16s_8s_24_1_1_U82                                                              |                                                             mlp_iris_core_mlp_iris_mul_16s_8s_24_1_1_57 |          0 |          0 |       0 |    0 |    0 |      0 |      0 |    0 |          1 |
|               mul_16s_9ns_25_1_1_U100                                                            |                                                            mlp_iris_core_mlp_iris_mul_16s_9ns_25_1_1_58 |          7 |          7 |       0 |    0 |    0 |      0 |      0 |    0 |          1 |
|               mul_16s_9ns_25_1_1_U61                                                             |                                                            mlp_iris_core_mlp_iris_mul_16s_9ns_25_1_1_59 |          4 |          4 |       0 |    0 |    0 |      0 |      0 |    0 |          1 |
|               mul_16s_9ns_25_1_1_U63                                                             |                                                            mlp_iris_core_mlp_iris_mul_16s_9ns_25_1_1_60 |         17 |         17 |       0 |    0 |    0 |      0 |      0 |    0 |          1 |
|               mul_16s_9ns_25_1_1_U64                                                             |                                                            mlp_iris_core_mlp_iris_mul_16s_9ns_25_1_1_61 |          0 |          0 |       0 |    0 |    0 |      0 |      0 |    0 |          1 |
|               mul_16s_9ns_25_1_1_U67                                                             |                                                            mlp_iris_core_mlp_iris_mul_16s_9ns_25_1_1_62 |         38 |         38 |       0 |    0 |    0 |      0 |      0 |    0 |          1 |
|               mul_16s_9ns_25_1_1_U69                                                             |                                                            mlp_iris_core_mlp_iris_mul_16s_9ns_25_1_1_63 |          2 |          2 |       0 |    0 |    0 |      0 |      0 |    0 |          1 |
|               mul_16s_9ns_25_1_1_U84                                                             |                                                            mlp_iris_core_mlp_iris_mul_16s_9ns_25_1_1_64 |          9 |          9 |       0 |    0 |    0 |      0 |      0 |    0 |          1 |
|               mul_16s_9ns_25_1_1_U94                                                             |                                                            mlp_iris_core_mlp_iris_mul_16s_9ns_25_1_1_65 |         59 |         59 |       0 |    0 |    0 |      0 |      0 |    0 |          1 |
|               mul_16s_9s_25_1_1_U77                                                              |                                                             mlp_iris_core_mlp_iris_mul_16s_9s_25_1_1_66 |         74 |         74 |       0 |    0 |    0 |      0 |      0 |    0 |          1 |
|               mul_16s_9s_25_1_1_U96                                                              |                                                             mlp_iris_core_mlp_iris_mul_16s_9s_25_1_1_67 |         21 |         21 |       0 |    0 |    0 |      0 |      0 |    0 |          1 |
|             call_ret5_dense_latency_ap_fixed_16_6_5_3_0_ap_fixed_16_6_5_3_0_config6_s_fu_115     |                  mlp_iris_core_mlp_iris_dense_latency_ap_fixed_16_6_5_3_0_ap_fixed_16_6_5_3_0_config6_s |        410 |        410 |       0 |    0 |    0 |      0 |      0 |    0 |         23 |
|               (call_ret5_dense_latency_ap_fixed_16_6_5_3_0_ap_fixed_16_6_5_3_0_config6_s_fu_115) |                  mlp_iris_core_mlp_iris_dense_latency_ap_fixed_16_6_5_3_0_ap_fixed_16_6_5_3_0_config6_s |         95 |         95 |       0 |    0 |    0 |      0 |      0 |    0 |          0 |
|               mul_16s_10ns_26_1_1_U128                                                           |                                                              mlp_iris_core_mlp_iris_mul_16s_10ns_26_1_1 |          2 |          2 |       0 |    0 |    0 |      0 |      0 |    0 |          1 |
|               mul_16s_10ns_26_1_1_U136                                                           |                                                            mlp_iris_core_mlp_iris_mul_16s_10ns_26_1_1_2 |         17 |         17 |       0 |    0 |    0 |      0 |      0 |    0 |          1 |
|               mul_16s_10ns_26_1_1_U139                                                           |                                                            mlp_iris_core_mlp_iris_mul_16s_10ns_26_1_1_3 |         39 |         39 |       0 |    0 |    0 |      0 |      0 |    0 |          1 |
|               mul_16s_10s_26_1_1_U119                                                            |                                                               mlp_iris_core_mlp_iris_mul_16s_10s_26_1_1 |          5 |          5 |       0 |    0 |    0 |      0 |      0 |    0 |          1 |
|               mul_16s_10s_26_1_1_U122                                                            |                                                             mlp_iris_core_mlp_iris_mul_16s_10s_26_1_1_4 |          0 |          0 |       0 |    0 |    0 |      0 |      0 |    0 |          1 |
|               mul_16s_10s_26_1_1_U127                                                            |                                                             mlp_iris_core_mlp_iris_mul_16s_10s_26_1_1_5 |         16 |         16 |       0 |    0 |    0 |      0 |      0 |    0 |          1 |
|               mul_16s_10s_26_1_1_U131                                                            |                                                             mlp_iris_core_mlp_iris_mul_16s_10s_26_1_1_6 |          1 |          1 |       0 |    0 |    0 |      0 |      0 |    0 |          1 |
|               mul_16s_11ns_26_1_1_U124                                                           |                                                              mlp_iris_core_mlp_iris_mul_16s_11ns_26_1_1 |          2 |          2 |       0 |    0 |    0 |      0 |      0 |    0 |          1 |
|               mul_16s_11ns_26_1_1_U125                                                           |                                                            mlp_iris_core_mlp_iris_mul_16s_11ns_26_1_1_7 |         17 |         17 |       0 |    0 |    0 |      0 |      0 |    0 |          1 |
|               mul_16s_11ns_26_1_1_U132                                                           |                                                            mlp_iris_core_mlp_iris_mul_16s_11ns_26_1_1_8 |         11 |         11 |       0 |    0 |    0 |      0 |      0 |    0 |          1 |
|               mul_16s_11ns_26_1_1_U137                                                           |                                                            mlp_iris_core_mlp_iris_mul_16s_11ns_26_1_1_9 |         41 |         41 |       0 |    0 |    0 |      0 |      0 |    0 |          1 |
|               mul_16s_11ns_26_1_1_U138                                                           |                                                           mlp_iris_core_mlp_iris_mul_16s_11ns_26_1_1_10 |          0 |          0 |       0 |    0 |    0 |      0 |      0 |    0 |          1 |
|               mul_16s_11s_26_1_1_U129                                                            |                                                               mlp_iris_core_mlp_iris_mul_16s_11s_26_1_1 |         51 |         51 |       0 |    0 |    0 |      0 |      0 |    0 |          1 |
|               mul_16s_11s_26_1_1_U130                                                            |                                                            mlp_iris_core_mlp_iris_mul_16s_11s_26_1_1_11 |         18 |         18 |       0 |    0 |    0 |      0 |      0 |    0 |          1 |
|               mul_16s_11s_26_1_1_U135                                                            |                                                            mlp_iris_core_mlp_iris_mul_16s_11s_26_1_1_12 |          1 |          1 |       0 |    0 |    0 |      0 |      0 |    0 |          1 |
|               mul_16s_12s_26_1_1_U120                                                            |                                                               mlp_iris_core_mlp_iris_mul_16s_12s_26_1_1 |         16 |         16 |       0 |    0 |    0 |      0 |      0 |    0 |          1 |
|               mul_16s_12s_26_1_1_U133                                                            |                                                            mlp_iris_core_mlp_iris_mul_16s_12s_26_1_1_13 |          7 |          7 |       0 |    0 |    0 |      0 |      0 |    0 |          1 |
|               mul_16s_8ns_24_1_1_U126                                                            |                                                               mlp_iris_core_mlp_iris_mul_16s_8ns_24_1_1 |         34 |         34 |       0 |    0 |    0 |      0 |      0 |    0 |          1 |
|               mul_16s_8ns_24_1_1_U134                                                            |                                                            mlp_iris_core_mlp_iris_mul_16s_8ns_24_1_1_14 |         17 |         17 |       0 |    0 |    0 |      0 |      0 |    0 |          1 |
|               mul_16s_9ns_25_1_1_U121                                                            |                                                               mlp_iris_core_mlp_iris_mul_16s_9ns_25_1_1 |          0 |          0 |       0 |    0 |    0 |      0 |      0 |    0 |          1 |
|               mul_16s_9ns_25_1_1_U123                                                            |                                                            mlp_iris_core_mlp_iris_mul_16s_9ns_25_1_1_15 |         18 |         18 |       0 |    0 |    0 |      0 |      0 |    0 |          1 |
|               mul_16s_9ns_25_1_1_U140                                                            |                                                            mlp_iris_core_mlp_iris_mul_16s_9ns_25_1_1_16 |          0 |          0 |       0 |    0 |    0 |      0 |      0 |    0 |          1 |
|               mul_16s_9s_25_1_1_U141                                                             |                                                                mlp_iris_core_mlp_iris_mul_16s_9s_25_1_1 |          2 |          2 |       0 |    0 |    0 |      0 |      0 |    0 |          1 |
|             grp_softmax_stable_ap_fixed_ap_fixed_16_6_5_3_0_softmax_config7_s_fu_127             |                    mlp_iris_core_mlp_iris_softmax_stable_ap_fixed_ap_fixed_16_6_5_3_0_softmax_config7_s |         88 |         88 |       0 |    0 |    1 |      0 |      3 |    0 |          3 |
|               (grp_softmax_stable_ap_fixed_ap_fixed_16_6_5_3_0_softmax_config7_s_fu_127)         |                    mlp_iris_core_mlp_iris_softmax_stable_ap_fixed_ap_fixed_16_6_5_3_0_softmax_config7_s |         13 |         13 |       0 |    0 |    1 |      0 |      0 |    0 |          0 |
|               exp_table_U                                                                        | mlp_iris_core_mlp_iris_softmax_stable_ap_fixed_ap_fixed_16_6_5_3_0_softmax_config7_s_exp_table_ROM_Abkb |         74 |         74 |       0 |    0 |    0 |      0 |      2 |    0 |          0 |
|               invert_table_U                                                                     | mlp_iris_core_mlp_iris_softmax_stable_ap_fixed_ap_fixed_16_6_5_3_0_softmax_config7_s_invert_table_ROcud |          0 |          0 |       0 |    0 |    0 |      0 |      1 |    0 |          0 |
|               mul_18s_11ns_26_1_1_U150                                                           |                                                              mlp_iris_core_mlp_iris_mul_18s_11ns_26_1_1 |          1 |          1 |       0 |    0 |    0 |      0 |      0 |    0 |          1 |
|               mul_18s_11ns_26_1_1_U151                                                           |                                                            mlp_iris_core_mlp_iris_mul_18s_11ns_26_1_1_0 |          0 |          0 |       0 |    0 |    0 |      0 |      0 |    0 |          1 |
|               mul_18s_11ns_26_1_1_U152                                                           |                                                            mlp_iris_core_mlp_iris_mul_18s_11ns_26_1_1_1 |          0 |          0 |       0 |    0 |    0 |      0 |      0 |    0 |          1 |
|     rst_ps8_0_100M                                                                               |                                                                            mlp_iris_bd_rst_ps8_0_100M_0 |         19 |         18 |       0 |    1 |   40 |      0 |      0 |    0 |          0 |
|       U0                                                                                         |                                                             mlp_iris_bd_rst_ps8_0_100M_0_proc_sys_reset |         19 |         18 |       0 |    1 |   40 |      0 |      0 |    0 |          0 |
|         (U0)                                                                                     |                                                             mlp_iris_bd_rst_ps8_0_100M_0_proc_sys_reset |          0 |          0 |       0 |    0 |    5 |      0 |      0 |    0 |          0 |
|         EXT_LPF                                                                                  |                                                                        mlp_iris_bd_rst_ps8_0_100M_0_lpf |          6 |          5 |       0 |    1 |   17 |      0 |      0 |    0 |          0 |
|           (EXT_LPF)                                                                              |                                                                        mlp_iris_bd_rst_ps8_0_100M_0_lpf |          2 |          1 |       0 |    1 |    9 |      0 |      0 |    0 |          0 |
|           ACTIVE_LOW_AUX.ACT_LO_AUX                                                              |                                                                   mlp_iris_bd_rst_ps8_0_100M_0_cdc_sync |          2 |          2 |       0 |    0 |    4 |      0 |      0 |    0 |          0 |
|           ACTIVE_LOW_EXT.ACT_LO_EXT                                                              |                                                                 mlp_iris_bd_rst_ps8_0_100M_0_cdc_sync_0 |          2 |          2 |       0 |    0 |    4 |      0 |      0 |    0 |          0 |
|         SEQ                                                                                      |                                                               mlp_iris_bd_rst_ps8_0_100M_0_sequence_psr |         13 |         13 |       0 |    0 |   18 |      0 |      0 |    0 |          0 |
|           (SEQ)                                                                                  |                                                               mlp_iris_bd_rst_ps8_0_100M_0_sequence_psr |          8 |          8 |       0 |    0 |   12 |      0 |      0 |    0 |          0 |
|           SEQ_COUNTER                                                                            |                                                                    mlp_iris_bd_rst_ps8_0_100M_0_upcnt_n |          5 |          5 |       0 |    0 |    6 |      0 |      0 |    0 |          0 |
|     zynq_ultra_ps_e_0                                                                            |                                                                         mlp_iris_bd_zynq_ultra_ps_e_0_0 |        264 |        264 |       0 |    0 |    0 |      0 |      0 |    0 |          0 |
|       (zynq_ultra_ps_e_0)                                                                        |                                                                         mlp_iris_bd_zynq_ultra_ps_e_0_0 |          0 |          0 |       0 |    0 |    0 |      0 |      0 |    0 |          0 |
|       inst                                                                                       |                                  mlp_iris_bd_zynq_ultra_ps_e_0_0_zynq_ultra_ps_e_v3_5_5_zynq_ultra_ps_e |        264 |        264 |       0 |    0 |    0 |      0 |      0 |    0 |          0 |
+--------------------------------------------------------------------------------------------------+---------------------------------------------------------------------------------------------------------+------------+------------+---------+------+------+--------+--------+------+------------+


