Copyright 1986-2022 Xilinx, Inc. All Rights Reserved. Copyright 2022-2024 Advanced Micro Devices, Inc. All Rights Reserved.
-----------------------------------------------------------------------------------------------------------------------------------------------------
| Tool Version : Vivado v.2024.2 (lin64) Build 5239630 Fri Nov 08 22:34:34 MST 2024
| Date         : Thu Sep 10 08:59:39 2026
| Host         : ubuntu running 64-bit Ubuntu 24.04.3 LTS
| Command      : report_utilization -hierarchical -file {/home/miguel/Downloads/Plano testes TCC/H1/MLP/RF1/vivado_ooc/utilization_hierarchical.rpt}
| Design       : mlp_iris
| Device       : xczu7ev-ffvc1156-2-e
| Speed File   : -2
| Design State : Optimized
-----------------------------------------------------------------------------------------------------------------------------------------------------

Utilization Design Information

Table of Contents
-----------------
1. Utilization by Hierarchy

1. Utilization by Hierarchy
---------------------------

+----------------------------------------------------------------------------------------+-------------------------------------------------------------------------------------------+------------+------------+---------+------+-----+--------+--------+------+------------+
|                                        Instance                                        |                                           Module                                          | Total LUTs | Logic LUTs | LUTRAMs | SRLs | FFs | RAMB36 | RAMB18 | URAM | DSP Blocks |
+----------------------------------------------------------------------------------------+-------------------------------------------------------------------------------------------+------------+------------+---------+------+-----+--------+--------+------+------------+
| mlp_iris                                                                               |                                                                                     (top) |       2098 |       2098 |       0 |    0 | 377 |      0 |      3 |    0 |        108 |
|   (mlp_iris)                                                                           |                                                                                     (top) |          9 |          9 |       0 |    0 | 376 |      0 |      0 |    0 |          0 |
|   call_ret1_dense_latency_ap_fixed_16_6_5_3_0_ap_fixed_16_6_5_3_0_config2_s_fu_73      |                  mlp_iris_dense_latency_ap_fixed_16_6_5_3_0_ap_fixed_16_6_5_3_0_config2_s |        509 |        509 |       0 |    0 |   0 |      0 |      0 |    0 |         28 |
|     (call_ret1_dense_latency_ap_fixed_16_6_5_3_0_ap_fixed_16_6_5_3_0_config2_s_fu_73)  |                  mlp_iris_dense_latency_ap_fixed_16_6_5_3_0_ap_fixed_16_6_5_3_0_config2_s |         81 |         81 |       0 |    0 |   0 |      0 |      0 |    0 |          0 |
|     mul_16s_10ns_26_1_1_U13                                                            |                                                           mlp_iris_mul_16s_10ns_26_1_1_68 |          5 |          5 |       0 |    0 |   0 |      0 |      0 |    0 |          1 |
|     mul_16s_10ns_26_1_1_U17                                                            |                                                           mlp_iris_mul_16s_10ns_26_1_1_69 |         23 |         23 |       0 |    0 |   0 |      0 |      0 |    0 |          1 |
|     mul_16s_10ns_26_1_1_U6                                                             |                                                           mlp_iris_mul_16s_10ns_26_1_1_70 |          0 |          0 |       0 |    0 |   0 |      0 |      0 |    0 |          1 |
|     mul_16s_10ns_26_1_1_U8                                                             |                                                           mlp_iris_mul_16s_10ns_26_1_1_71 |         12 |         12 |       0 |    0 |   0 |      0 |      0 |    0 |          1 |
|     mul_16s_10s_26_1_1_U11                                                             |                                                            mlp_iris_mul_16s_10s_26_1_1_72 |         17 |         17 |       0 |    0 |   0 |      0 |      0 |    0 |          1 |
|     mul_16s_10s_26_1_1_U19                                                             |                                                            mlp_iris_mul_16s_10s_26_1_1_73 |         13 |         13 |       0 |    0 |   0 |      0 |      0 |    0 |          1 |
|     mul_16s_10s_26_1_1_U2                                                              |                                                            mlp_iris_mul_16s_10s_26_1_1_74 |          8 |          8 |       0 |    0 |   0 |      0 |      0 |    0 |          1 |
|     mul_16s_10s_26_1_1_U20                                                             |                                                            mlp_iris_mul_16s_10s_26_1_1_75 |         61 |         61 |       0 |    0 |   0 |      0 |      0 |    0 |          1 |
|     mul_16s_10s_26_1_1_U21                                                             |                                                            mlp_iris_mul_16s_10s_26_1_1_76 |          9 |          9 |       0 |    0 |   0 |      0 |      0 |    0 |          1 |
|     mul_16s_10s_26_1_1_U22                                                             |                                                            mlp_iris_mul_16s_10s_26_1_1_77 |         10 |         10 |       0 |    0 |   0 |      0 |      0 |    0 |          1 |
|     mul_16s_10s_26_1_1_U24                                                             |                                                            mlp_iris_mul_16s_10s_26_1_1_78 |         11 |         11 |       0 |    0 |   0 |      0 |      0 |    0 |          1 |
|     mul_16s_10s_26_1_1_U3                                                              |                                                            mlp_iris_mul_16s_10s_26_1_1_79 |         36 |         36 |       0 |    0 |   0 |      0 |      0 |    0 |          1 |
|     mul_16s_10s_26_1_1_U4                                                              |                                                            mlp_iris_mul_16s_10s_26_1_1_80 |         12 |         12 |       0 |    0 |   0 |      0 |      0 |    0 |          1 |
|     mul_16s_10s_26_1_1_U9                                                              |                                                            mlp_iris_mul_16s_10s_26_1_1_81 |          2 |          2 |       0 |    0 |   0 |      0 |      0 |    0 |          1 |
|     mul_16s_11ns_26_1_1_U1                                                             |                                                           mlp_iris_mul_16s_11ns_26_1_1_82 |          6 |          6 |       0 |    0 |   0 |      0 |      0 |    0 |          1 |
|     mul_16s_11ns_26_1_1_U10                                                            |                                                           mlp_iris_mul_16s_11ns_26_1_1_83 |          0 |          0 |       0 |    0 |   0 |      0 |      0 |    0 |          1 |
|     mul_16s_11ns_26_1_1_U12                                                            |                                                           mlp_iris_mul_16s_11ns_26_1_1_84 |         18 |         18 |       0 |    0 |   0 |      0 |      0 |    0 |          1 |
|     mul_16s_11ns_26_1_1_U14                                                            |                                                           mlp_iris_mul_16s_11ns_26_1_1_85 |          3 |          3 |       0 |    0 |   0 |      0 |      0 |    0 |          1 |
|     mul_16s_11ns_26_1_1_U25                                                            |                                                           mlp_iris_mul_16s_11ns_26_1_1_86 |         25 |         25 |       0 |    0 |   0 |      0 |      0 |    0 |          1 |
|     mul_16s_11ns_26_1_1_U27                                                            |                                                           mlp_iris_mul_16s_11ns_26_1_1_87 |          3 |          3 |       0 |    0 |   0 |      0 |      0 |    0 |          1 |
|     mul_16s_11ns_26_1_1_U7                                                             |                                                           mlp_iris_mul_16s_11ns_26_1_1_88 |          3 |          3 |       0 |    0 |   0 |      0 |      0 |    0 |          1 |
|     mul_16s_11s_26_1_1_U18                                                             |                                                            mlp_iris_mul_16s_11s_26_1_1_89 |         16 |         16 |       0 |    0 |   0 |      0 |      0 |    0 |          1 |
|     mul_16s_12s_26_1_1_U23                                                             |                                                            mlp_iris_mul_16s_12s_26_1_1_90 |         40 |         40 |       0 |    0 |   0 |      0 |      0 |    0 |          1 |
|     mul_16s_7s_23_1_1_U28                                                              |                                                             mlp_iris_mul_16s_7s_23_1_1_91 |         10 |         10 |       0 |    0 |   0 |      0 |      0 |    0 |          1 |
|     mul_16s_8ns_24_1_1_U5                                                              |                                                            mlp_iris_mul_16s_8ns_24_1_1_92 |         11 |         11 |       0 |    0 |   0 |      0 |      0 |    0 |          1 |
|     mul_16s_8s_24_1_1_U26                                                              |                                                             mlp_iris_mul_16s_8s_24_1_1_93 |         27 |         27 |       0 |    0 |   0 |      0 |      0 |    0 |          1 |
|     mul_16s_9ns_25_1_1_U16                                                             |                                                            mlp_iris_mul_16s_9ns_25_1_1_94 |         34 |         34 |       0 |    0 |   0 |      0 |      0 |    0 |          1 |
|     mul_16s_9s_25_1_1_U15                                                              |                                                             mlp_iris_mul_16s_9s_25_1_1_95 |         16 |         16 |       0 |    0 |   0 |      0 |      0 |    0 |          1 |
|   call_ret3_dense_latency_ap_fixed_16_6_5_3_0_ap_fixed_16_6_5_3_0_config4_s_fu_91      |                  mlp_iris_dense_latency_ap_fixed_16_6_5_3_0_ap_fixed_16_6_5_3_0_config4_s |       1085 |       1085 |       0 |    0 |   0 |      0 |      0 |    0 |         54 |
|     (call_ret3_dense_latency_ap_fixed_16_6_5_3_0_ap_fixed_16_6_5_3_0_config4_s_fu_91)  |                  mlp_iris_dense_latency_ap_fixed_16_6_5_3_0_ap_fixed_16_6_5_3_0_config4_s |        140 |        140 |       0 |    0 |   0 |      0 |      0 |    0 |          0 |
|     mul_16s_10ns_26_1_1_U48                                                            |                                                           mlp_iris_mul_16s_10ns_26_1_1_17 |          2 |          2 |       0 |    0 |   0 |      0 |      0 |    0 |          1 |
|     mul_16s_10ns_26_1_1_U50                                                            |                                                           mlp_iris_mul_16s_10ns_26_1_1_18 |         21 |         21 |       0 |    0 |   0 |      0 |      0 |    0 |          1 |
|     mul_16s_10ns_26_1_1_U58                                                            |                                                           mlp_iris_mul_16s_10ns_26_1_1_19 |         17 |         17 |       0 |    0 |   0 |      0 |      0 |    0 |          1 |
|     mul_16s_10ns_26_1_1_U66                                                            |                                                           mlp_iris_mul_16s_10ns_26_1_1_20 |          2 |          2 |       0 |    0 |   0 |      0 |      0 |    0 |          1 |
|     mul_16s_10ns_26_1_1_U72                                                            |                                                           mlp_iris_mul_16s_10ns_26_1_1_21 |          1 |          1 |       0 |    0 |   0 |      0 |      0 |    0 |          1 |
|     mul_16s_10ns_26_1_1_U87                                                            |                                                           mlp_iris_mul_16s_10ns_26_1_1_22 |         11 |         11 |       0 |    0 |   0 |      0 |      0 |    0 |          1 |
|     mul_16s_10ns_26_1_1_U99                                                            |                                                           mlp_iris_mul_16s_10ns_26_1_1_23 |          1 |          1 |       0 |    0 |   0 |      0 |      0 |    0 |          1 |
|     mul_16s_10s_26_1_1_U57                                                             |                                                            mlp_iris_mul_16s_10s_26_1_1_24 |          1 |          1 |       0 |    0 |   0 |      0 |      0 |    0 |          1 |
|     mul_16s_10s_26_1_1_U62                                                             |                                                            mlp_iris_mul_16s_10s_26_1_1_25 |         35 |         35 |       0 |    0 |   0 |      0 |      0 |    0 |          1 |
|     mul_16s_10s_26_1_1_U76                                                             |                                                            mlp_iris_mul_16s_10s_26_1_1_26 |         55 |         55 |       0 |    0 |   0 |      0 |      0 |    0 |          1 |
|     mul_16s_10s_26_1_1_U83                                                             |                                                            mlp_iris_mul_16s_10s_26_1_1_27 |          1 |          1 |       0 |    0 |   0 |      0 |      0 |    0 |          1 |
|     mul_16s_10s_26_1_1_U88                                                             |                                                            mlp_iris_mul_16s_10s_26_1_1_28 |          1 |          1 |       0 |    0 |   0 |      0 |      0 |    0 |          1 |
|     mul_16s_11ns_26_1_1_U101                                                           |                                                           mlp_iris_mul_16s_11ns_26_1_1_29 |          1 |          1 |       0 |    0 |   0 |      0 |      0 |    0 |          1 |
|     mul_16s_11ns_26_1_1_U53                                                            |                                                           mlp_iris_mul_16s_11ns_26_1_1_30 |         19 |         19 |       0 |    0 |   0 |      0 |      0 |    0 |          1 |
|     mul_16s_11ns_26_1_1_U60                                                            |                                                           mlp_iris_mul_16s_11ns_26_1_1_31 |         96 |         96 |       0 |    0 |   0 |      0 |      0 |    0 |          1 |
|     mul_16s_11ns_26_1_1_U68                                                            |                                                           mlp_iris_mul_16s_11ns_26_1_1_32 |          4 |          4 |       0 |    0 |   0 |      0 |      0 |    0 |          1 |
|     mul_16s_11ns_26_1_1_U71                                                            |                                                           mlp_iris_mul_16s_11ns_26_1_1_33 |         20 |         20 |       0 |    0 |   0 |      0 |      0 |    0 |          1 |
|     mul_16s_11ns_26_1_1_U74                                                            |                                                           mlp_iris_mul_16s_11ns_26_1_1_34 |          0 |          0 |       0 |    0 |   0 |      0 |      0 |    0 |          1 |
|     mul_16s_11ns_26_1_1_U78                                                            |                                                           mlp_iris_mul_16s_11ns_26_1_1_35 |          0 |          0 |       0 |    0 |   0 |      0 |      0 |    0 |          1 |
|     mul_16s_11ns_26_1_1_U79                                                            |                                                           mlp_iris_mul_16s_11ns_26_1_1_36 |          0 |          0 |       0 |    0 |   0 |      0 |      0 |    0 |          1 |
|     mul_16s_11ns_26_1_1_U80                                                            |                                                           mlp_iris_mul_16s_11ns_26_1_1_37 |          2 |          2 |       0 |    0 |   0 |      0 |      0 |    0 |          1 |
|     mul_16s_11ns_26_1_1_U89                                                            |                                                           mlp_iris_mul_16s_11ns_26_1_1_38 |          0 |          0 |       0 |    0 |   0 |      0 |      0 |    0 |          1 |
|     mul_16s_11ns_26_1_1_U95                                                            |                                                           mlp_iris_mul_16s_11ns_26_1_1_39 |          2 |          2 |       0 |    0 |   0 |      0 |      0 |    0 |          1 |
|     mul_16s_11ns_26_1_1_U98                                                            |                                                           mlp_iris_mul_16s_11ns_26_1_1_40 |          1 |          1 |       0 |    0 |   0 |      0 |      0 |    0 |          1 |
|     mul_16s_11s_26_1_1_U52                                                             |                                                            mlp_iris_mul_16s_11s_26_1_1_41 |         30 |         30 |       0 |    0 |   0 |      0 |      0 |    0 |          1 |
|     mul_16s_11s_26_1_1_U54                                                             |                                                            mlp_iris_mul_16s_11s_26_1_1_42 |         15 |         15 |       0 |    0 |   0 |      0 |      0 |    0 |          1 |
|     mul_16s_11s_26_1_1_U65                                                             |                                                            mlp_iris_mul_16s_11s_26_1_1_43 |         55 |         55 |       0 |    0 |   0 |      0 |      0 |    0 |          1 |
|     mul_16s_11s_26_1_1_U70                                                             |                                                            mlp_iris_mul_16s_11s_26_1_1_44 |          4 |          4 |       0 |    0 |   0 |      0 |      0 |    0 |          1 |
|     mul_16s_11s_26_1_1_U73                                                             |                                                            mlp_iris_mul_16s_11s_26_1_1_45 |          1 |          1 |       0 |    0 |   0 |      0 |      0 |    0 |          1 |
|     mul_16s_11s_26_1_1_U86                                                             |                                                            mlp_iris_mul_16s_11s_26_1_1_46 |          1 |          1 |       0 |    0 |   0 |      0 |      0 |    0 |          1 |
|     mul_16s_11s_26_1_1_U91                                                             |                                                            mlp_iris_mul_16s_11s_26_1_1_47 |         17 |         17 |       0 |    0 |   0 |      0 |      0 |    0 |          1 |
|     mul_16s_11s_26_1_1_U92                                                             |                                                            mlp_iris_mul_16s_11s_26_1_1_48 |         20 |         20 |       0 |    0 |   0 |      0 |      0 |    0 |          1 |
|     mul_16s_12ns_26_1_1_U90                                                            |                                                              mlp_iris_mul_16s_12ns_26_1_1 |         23 |         23 |       0 |    0 |   0 |      0 |      0 |    0 |          1 |
|     mul_16s_7s_23_1_1_U85                                                              |                                                                mlp_iris_mul_16s_7s_23_1_1 |          0 |          0 |       0 |    0 |   0 |      0 |      0 |    0 |          1 |
|     mul_16s_8ns_24_1_1_U55                                                             |                                                            mlp_iris_mul_16s_8ns_24_1_1_49 |         47 |         47 |       0 |    0 |   0 |      0 |      0 |    0 |          1 |
|     mul_16s_8ns_24_1_1_U56                                                             |                                                            mlp_iris_mul_16s_8ns_24_1_1_50 |         22 |         22 |       0 |    0 |   0 |      0 |      0 |    0 |          1 |
|     mul_16s_8ns_24_1_1_U59                                                             |                                                            mlp_iris_mul_16s_8ns_24_1_1_51 |         24 |         24 |       0 |    0 |   0 |      0 |      0 |    0 |          1 |
|     mul_16s_8ns_24_1_1_U81                                                             |                                                            mlp_iris_mul_16s_8ns_24_1_1_52 |         17 |         17 |       0 |    0 |   0 |      0 |      0 |    0 |          1 |
|     mul_16s_8ns_24_1_1_U93                                                             |                                                            mlp_iris_mul_16s_8ns_24_1_1_53 |         93 |         93 |       0 |    0 |   0 |      0 |      0 |    0 |          1 |
|     mul_16s_8ns_24_1_1_U97                                                             |                                                            mlp_iris_mul_16s_8ns_24_1_1_54 |          0 |          0 |       0 |    0 |   0 |      0 |      0 |    0 |          1 |
|     mul_16s_8s_24_1_1_U49                                                              |                                                                mlp_iris_mul_16s_8s_24_1_1 |          0 |          0 |       0 |    0 |   0 |      0 |      0 |    0 |          1 |
|     mul_16s_8s_24_1_1_U51                                                              |                                                             mlp_iris_mul_16s_8s_24_1_1_55 |          6 |          6 |       0 |    0 |   0 |      0 |      0 |    0 |          1 |
|     mul_16s_8s_24_1_1_U75                                                              |                                                             mlp_iris_mul_16s_8s_24_1_1_56 |         50 |         50 |       0 |    0 |   0 |      0 |      0 |    0 |          1 |
|     mul_16s_8s_24_1_1_U82                                                              |                                                             mlp_iris_mul_16s_8s_24_1_1_57 |          0 |          0 |       0 |    0 |   0 |      0 |      0 |    0 |          1 |
|     mul_16s_9ns_25_1_1_U100                                                            |                                                            mlp_iris_mul_16s_9ns_25_1_1_58 |          7 |          7 |       0 |    0 |   0 |      0 |      0 |    0 |          1 |
|     mul_16s_9ns_25_1_1_U61                                                             |                                                            mlp_iris_mul_16s_9ns_25_1_1_59 |          3 |          3 |       0 |    0 |   0 |      0 |      0 |    0 |          1 |
|     mul_16s_9ns_25_1_1_U63                                                             |                                                            mlp_iris_mul_16s_9ns_25_1_1_60 |         17 |         17 |       0 |    0 |   0 |      0 |      0 |    0 |          1 |
|     mul_16s_9ns_25_1_1_U64                                                             |                                                            mlp_iris_mul_16s_9ns_25_1_1_61 |          0 |          0 |       0 |    0 |   0 |      0 |      0 |    0 |          1 |
|     mul_16s_9ns_25_1_1_U67                                                             |                                                            mlp_iris_mul_16s_9ns_25_1_1_62 |         40 |         40 |       0 |    0 |   0 |      0 |      0 |    0 |          1 |
|     mul_16s_9ns_25_1_1_U69                                                             |                                                            mlp_iris_mul_16s_9ns_25_1_1_63 |          2 |          2 |       0 |    0 |   0 |      0 |      0 |    0 |          1 |
|     mul_16s_9ns_25_1_1_U84                                                             |                                                            mlp_iris_mul_16s_9ns_25_1_1_64 |          9 |          9 |       0 |    0 |   0 |      0 |      0 |    0 |          1 |
|     mul_16s_9ns_25_1_1_U94                                                             |                                                            mlp_iris_mul_16s_9ns_25_1_1_65 |         59 |         59 |       0 |    0 |   0 |      0 |      0 |    0 |          1 |
|     mul_16s_9s_25_1_1_U77                                                              |                                                             mlp_iris_mul_16s_9s_25_1_1_66 |         72 |         72 |       0 |    0 |   0 |      0 |      0 |    0 |          1 |
|     mul_16s_9s_25_1_1_U96                                                              |                                                             mlp_iris_mul_16s_9s_25_1_1_67 |         21 |         21 |       0 |    0 |   0 |      0 |      0 |    0 |          1 |
|   call_ret5_dense_latency_ap_fixed_16_6_5_3_0_ap_fixed_16_6_5_3_0_config6_s_fu_115     |                  mlp_iris_dense_latency_ap_fixed_16_6_5_3_0_ap_fixed_16_6_5_3_0_config6_s |        407 |        407 |       0 |    0 |   0 |      0 |      0 |    0 |         23 |
|     (call_ret5_dense_latency_ap_fixed_16_6_5_3_0_ap_fixed_16_6_5_3_0_config6_s_fu_115) |                  mlp_iris_dense_latency_ap_fixed_16_6_5_3_0_ap_fixed_16_6_5_3_0_config6_s |         95 |         95 |       0 |    0 |   0 |      0 |      0 |    0 |          0 |
|     mul_16s_10ns_26_1_1_U128                                                           |                                                              mlp_iris_mul_16s_10ns_26_1_1 |          1 |          1 |       0 |    0 |   0 |      0 |      0 |    0 |          1 |
|     mul_16s_10ns_26_1_1_U136                                                           |                                                            mlp_iris_mul_16s_10ns_26_1_1_2 |         17 |         17 |       0 |    0 |   0 |      0 |      0 |    0 |          1 |
|     mul_16s_10ns_26_1_1_U139                                                           |                                                            mlp_iris_mul_16s_10ns_26_1_1_3 |         40 |         40 |       0 |    0 |   0 |      0 |      0 |    0 |          1 |
|     mul_16s_10s_26_1_1_U119                                                            |                                                               mlp_iris_mul_16s_10s_26_1_1 |          4 |          4 |       0 |    0 |   0 |      0 |      0 |    0 |          1 |
|     mul_16s_10s_26_1_1_U122                                                            |                                                             mlp_iris_mul_16s_10s_26_1_1_4 |          0 |          0 |       0 |    0 |   0 |      0 |      0 |    0 |          1 |
|     mul_16s_10s_26_1_1_U127                                                            |                                                             mlp_iris_mul_16s_10s_26_1_1_5 |         16 |         16 |       0 |    0 |   0 |      0 |      0 |    0 |          1 |
|     mul_16s_10s_26_1_1_U131                                                            |                                                             mlp_iris_mul_16s_10s_26_1_1_6 |          1 |          1 |       0 |    0 |   0 |      0 |      0 |    0 |          1 |
|     mul_16s_11ns_26_1_1_U124                                                           |                                                              mlp_iris_mul_16s_11ns_26_1_1 |          2 |          2 |       0 |    0 |   0 |      0 |      0 |    0 |          1 |
|     mul_16s_11ns_26_1_1_U125                                                           |                                                            mlp_iris_mul_16s_11ns_26_1_1_7 |         17 |         17 |       0 |    0 |   0 |      0 |      0 |    0 |          1 |
|     mul_16s_11ns_26_1_1_U132                                                           |                                                            mlp_iris_mul_16s_11ns_26_1_1_8 |         11 |         11 |       0 |    0 |   0 |      0 |      0 |    0 |          1 |
|     mul_16s_11ns_26_1_1_U137                                                           |                                                            mlp_iris_mul_16s_11ns_26_1_1_9 |         42 |         42 |       0 |    0 |   0 |      0 |      0 |    0 |          1 |
|     mul_16s_11ns_26_1_1_U138                                                           |                                                           mlp_iris_mul_16s_11ns_26_1_1_10 |          0 |          0 |       0 |    0 |   0 |      0 |      0 |    0 |          1 |
|     mul_16s_11s_26_1_1_U129                                                            |                                                               mlp_iris_mul_16s_11s_26_1_1 |         53 |         53 |       0 |    0 |   0 |      0 |      0 |    0 |          1 |
|     mul_16s_11s_26_1_1_U130                                                            |                                                            mlp_iris_mul_16s_11s_26_1_1_11 |         17 |         17 |       0 |    0 |   0 |      0 |      0 |    0 |          1 |
|     mul_16s_11s_26_1_1_U135                                                            |                                                            mlp_iris_mul_16s_11s_26_1_1_12 |          1 |          1 |       0 |    0 |   0 |      0 |      0 |    0 |          1 |
|     mul_16s_12s_26_1_1_U120                                                            |                                                               mlp_iris_mul_16s_12s_26_1_1 |         16 |         16 |       0 |    0 |   0 |      0 |      0 |    0 |          1 |
|     mul_16s_12s_26_1_1_U133                                                            |                                                            mlp_iris_mul_16s_12s_26_1_1_13 |          3 |          3 |       0 |    0 |   0 |      0 |      0 |    0 |          1 |
|     mul_16s_8ns_24_1_1_U126                                                            |                                                               mlp_iris_mul_16s_8ns_24_1_1 |         35 |         35 |       0 |    0 |   0 |      0 |      0 |    0 |          1 |
|     mul_16s_8ns_24_1_1_U134                                                            |                                                            mlp_iris_mul_16s_8ns_24_1_1_14 |         16 |         16 |       0 |    0 |   0 |      0 |      0 |    0 |          1 |
|     mul_16s_9ns_25_1_1_U121                                                            |                                                               mlp_iris_mul_16s_9ns_25_1_1 |          0 |          0 |       0 |    0 |   0 |      0 |      0 |    0 |          1 |
|     mul_16s_9ns_25_1_1_U123                                                            |                                                            mlp_iris_mul_16s_9ns_25_1_1_15 |         18 |         18 |       0 |    0 |   0 |      0 |      0 |    0 |          1 |
|     mul_16s_9ns_25_1_1_U140                                                            |                                                            mlp_iris_mul_16s_9ns_25_1_1_16 |          0 |          0 |       0 |    0 |   0 |      0 |      0 |    0 |          1 |
|     mul_16s_9s_25_1_1_U141                                                             |                                                                mlp_iris_mul_16s_9s_25_1_1 |          2 |          2 |       0 |    0 |   0 |      0 |      0 |    0 |          1 |
|   grp_softmax_stable_ap_fixed_ap_fixed_16_6_5_3_0_softmax_config7_s_fu_127             |                    mlp_iris_softmax_stable_ap_fixed_ap_fixed_16_6_5_3_0_softmax_config7_s |         88 |         88 |       0 |    0 |   1 |      0 |      3 |    0 |          3 |
|     (grp_softmax_stable_ap_fixed_ap_fixed_16_6_5_3_0_softmax_config7_s_fu_127)         |                    mlp_iris_softmax_stable_ap_fixed_ap_fixed_16_6_5_3_0_softmax_config7_s |         13 |         13 |       0 |    0 |   1 |      0 |      0 |    0 |          0 |
|     exp_table_U                                                                        | mlp_iris_softmax_stable_ap_fixed_ap_fixed_16_6_5_3_0_softmax_config7_s_exp_table_ROM_Abkb |         74 |         74 |       0 |    0 |   0 |      0 |      2 |    0 |          0 |
|     invert_table_U                                                                     | mlp_iris_softmax_stable_ap_fixed_ap_fixed_16_6_5_3_0_softmax_config7_s_invert_table_ROcud |          0 |          0 |       0 |    0 |   0 |      0 |      1 |    0 |          0 |
|     mul_18s_11ns_26_1_1_U150                                                           |                                                              mlp_iris_mul_18s_11ns_26_1_1 |          1 |          1 |       0 |    0 |   0 |      0 |      0 |    0 |          1 |
|     mul_18s_11ns_26_1_1_U151                                                           |                                                            mlp_iris_mul_18s_11ns_26_1_1_0 |          0 |          0 |       0 |    0 |   0 |      0 |      0 |    0 |          1 |
|     mul_18s_11ns_26_1_1_U152                                                           |                                                            mlp_iris_mul_18s_11ns_26_1_1_1 |          0 |          0 |       0 |    0 |   0 |      0 |      0 |    0 |          1 |
+----------------------------------------------------------------------------------------+-------------------------------------------------------------------------------------------+------------+------------+---------+------+-----+--------+--------+------+------------+


