[INFO] Namespace(batchsize=1, inputs_shape=None, layout='NHWC', model_files=['/workspace/artifacts/quantized/lenet_mnist_no_softmax_quantized.h5'], model_type='tensorflow2', named_inputs_shape=None, out_filename='/tmp/lenet_mnist_no_softmax_DPUCZDX8G_ISA1_B4096_org.xmodel', proto=None)
[INFO] tensorflow2 model: /workspace/artifacts/quantized/lenet_mnist_no_softmax_quantized.h5
[INFO] keras version: 2.12.0
[INFO] Tensorflow Keras model type: functional

[INFO] parse raw model     :  0%|          | 0/14 [00:00<?, ?it/s]                           
[INFO] parse raw model     :100%|██████████| 14/14 [00:00<00:00, 25442.05it/s]               

[INFO] infer shape (NHWC)  :  0%|          | 0/27 [00:00<?, ?it/s]                           
[INFO] infer shape (NHWC)  :100%|██████████| 27/27 [00:00<00:00, 2083.03it/s]                

[INFO] perform level-0 opt :  0%|          | 0/1 [00:00<?, ?it/s]                            
[INFO] perform level-0 opt :100%|██████████| 1/1 [00:00<00:00, 730.97it/s]                   

[INFO] perform level-1 opt :  0%|          | 0/2 [00:00<?, ?it/s]                            
[INFO] perform level-1 opt :100%|██████████| 2/2 [00:00<00:00, 2912.71it/s]                  

[INFO] generate xmodel     :  0%|          | 0/27 [00:00<?, ?it/s]                           
[INFO] generate xmodel     :100%|██████████| 27/27 [00:00<00:00, 5106.70it/s]                
[INFO] dump xmodel ...
[INFO] dump xmodel: /tmp/lenet_mnist_no_softmax_DPUCZDX8G_ISA1_B4096_org.xmodel
[UNILOG][INFO] Compile mode: dpu
[UNILOG][INFO] Debug mode: null
[UNILOG][INFO] Target architecture: DPUCZDX8G_ISA1_B4096
[UNILOG][INFO] Graph name: LeNet_MNIST, with op num: 41
[UNILOG][INFO] Begin to compile...
[UNILOG][INFO] Total device subgraph number 3, DPU subgraph number 1
[UNILOG][INFO] Compile done.
[UNILOG][INFO] The meta json is saved to "/workspace/artifacts/compiled/lenet_mnist_zcu104_vai3_5/meta.json"
[UNILOG][INFO] The compiled xmodel is saved to "/workspace/artifacts/compiled/lenet_mnist_zcu104_vai3_5/lenet_mnist_no_softmax.xmodel"
[UNILOG][INFO] The compiled xmodel's md5sum is 8978a03cb0322a60f1595b50ebc2ebfc, and has been saved to "/workspace/artifacts/compiled/lenet_mnist_zcu104_vai3_5/md5sum.txt"
**************************************************
* VITIS_AI Compilation - Xilinx Inc.
**************************************************
