#-----------------------------------------------------------
# Vivado v2024.2 (64-bit)
# SW Build 5239630 on Fri Nov 08 22:34:34 MST 2024
# IP Build 5239520 on Sun Nov 10 16:12:51 MST 2024
# SharedData Build 5239561 on Fri Nov 08 14:39:27 MST 2024
# Start of session at: Fri Sep  4 15:58:55 2026
# Process ID         : 229540
# Current directory  : /tmp/lenet_cap64_hls.KmvPAz/lenet_mnist_cap64_hls_prj/solution1/impl/ip
# Command line       : vivado -notrace -mode batch -source run_ippack.tcl
# Log file           : /tmp/lenet_cap64_hls.KmvPAz/lenet_mnist_cap64_hls_prj/solution1/impl/ip/vivado.log
# Journal file       : /tmp/lenet_cap64_hls.KmvPAz/lenet_mnist_cap64_hls_prj/solution1/impl/ip/vivado.jou
# Running On         : ubuntu
# Platform           : Ubuntu
# Operating System   : Ubuntu 24.04.3 LTS
# Processor Detail   : 13th Gen Intel(R) Core(TM) i7-13700
# CPU Frequency      : 2505.225 MHz
# CPU Physical cores : 16
# CPU Logical cores  : 24
# Host memory        : 16434 MB
# Swap memory        : 25769 MB
# Total Virtual      : 42204 MB
# Available Virtual  : 33140 MB
#-----------------------------------------------------------
source run_ippack.tcl -notrace
INFO: calling package_hls_ip ip_types=vitis sysgen json_file=/tmp/lenet_cap64_hls.KmvPAz/lenet_mnist_cap64_hls_prj/solution1/solution1_data.json outdir=/tmp/lenet_cap64_hls.KmvPAz/lenet_mnist_cap64_hls_prj/solution1/impl/ip srcdir=/tmp/lenet_cap64_hls.KmvPAz/lenet_mnist_cap64_hls_prj/solution1 sort_interfaces_ports=false
INFO: Copied 1 ipmisc file(s) to /tmp/lenet_cap64_hls.KmvPAz/lenet_mnist_cap64_hls_prj/solution1/impl/ip/misc
INFO: Copied 70 verilog file(s) to /tmp/lenet_cap64_hls.KmvPAz/lenet_mnist_cap64_hls_prj/solution1/impl/ip/hdl/verilog
INFO: Copied 60 vhdl file(s) to /tmp/lenet_cap64_hls.KmvPAz/lenet_mnist_cap64_hls_prj/solution1/impl/ip/hdl/vhdl
INFO: Import ports from HDL: /tmp/lenet_cap64_hls.KmvPAz/lenet_mnist_cap64_hls_prj/solution1/impl/ip/hdl/vhdl/lenet_mnist_cap64_hls.vhd (lenet_mnist_cap64_hls)
INFO: Add axi4stream interface input_layer
INFO: Add axi4stream interface layer13_out
INFO: [IP_Flow 19-234] Refreshing IP repositories
INFO: [IP_Flow 19-1704] No user IP repositories specified
INFO: [IP_Flow 19-2313] Loaded Vivado IP repository '/opt/Xilinx/Vivado/2024.2/data/ip'.
INFO: Add clock interface ap_clk
INFO: Add reset interface ap_rst_n
INFO: Add ap_ctrl interface ap_ctrl
INFO: Calling post_process_vitis to specialize IP
INFO: Calling post_process_sysgen to specialize IP
Generating sysgen info xml from json file
INFO: Created IP /tmp/lenet_cap64_hls.KmvPAz/lenet_mnist_cap64_hls_prj/solution1/impl/ip/component.xml
INFO: Created IP archive /tmp/lenet_cap64_hls.KmvPAz/lenet_mnist_cap64_hls_prj/solution1/impl/ip/xilinx_com_hls_lenet_mnist_cap64_hls_1_0.zip
INFO: [Common 17-206] Exiting Vivado at Fri Sep  4 15:59:03 2026...
